******************************************************************************
                  MSP430 Linker PC v4.3.1                      
******************************************************************************
>> Linked Wed Apr 30 23:44:34 2014

OUTPUT FILE NAME:   <dice.out>
ENTRY POINT SYMBOL: "_c_int00"  address: 0000e356


MEMORY CONFIGURATION

         name            origin    length      used     unused   attr    fill
----------------------  --------  ---------  --------  --------  ----  --------
  SFR                   00000000   00000010  00000000  00000010  RWIX
  PERIPHERALS_8BIT      00000010   000000f0  00000000  000000f0  RWIX
  PERIPHERALS_16BIT     00000100   00000100  00000000  00000100  RWIX
  RAM                   00000200   00000100  00000069  00000097  RWIX
  INFOD                 00001000   00000040  00000000  00000040  RWIX
  INFOC                 00001040   00000040  00000000  00000040  RWIX
  INFOB                 00001080   00000040  00000000  00000040  RWIX
  INFOA                 000010c0   00000040  00000000  00000040  RWIX
  FLASH                 0000e000   00001fe0  00000410  00001bd0  RWIX
  INT00                 0000ffe0   00000002  00000000  00000002  RWIX
  INT01                 0000ffe2   00000002  00000000  00000002  RWIX
  INT02                 0000ffe4   00000002  00000002  00000000  RWIX
  INT03                 0000ffe6   00000002  00000002  00000000  RWIX
  INT04                 0000ffe8   00000002  00000002  00000000  RWIX
  INT05                 0000ffea   00000002  00000002  00000000  RWIX
  INT06                 0000ffec   00000002  00000000  00000002  RWIX
  INT07                 0000ffee   00000002  00000000  00000002  RWIX
  INT08                 0000fff0   00000002  00000002  00000000  RWIX
  INT09                 0000fff2   00000002  00000002  00000000  RWIX
  INT10                 0000fff4   00000002  00000002  00000000  RWIX
  INT11                 0000fff6   00000002  00000002  00000000  RWIX
  INT12                 0000fff8   00000002  00000000  00000002  RWIX
  INT13                 0000fffa   00000002  00000000  00000002  RWIX
  INT14                 0000fffc   00000002  00000002  00000000  RWIX
  RESET                 0000fffe   00000002  00000002  00000000  RWIX


SECTION ALLOCATION MAP

 output                                  attributes/
section   page    origin      length       input sections
--------  ----  ----------  ----------   ----------------
.init_array 
*          0    0000e000    00000000     UNINITIALIZED

.bss       0    00000200    00000017     UNINITIALIZED
                  00000200    00000006     (.common:_pwm$4)
                  00000206    00000006     (.common:ofs)
                  0000020c    00000006     (.common:pwm)
                  00000212    00000004     (.common:timer)
                  00000216    00000001     (.common:pwm_fade)

.TI.noinit 
*          0    00000200    00000000     UNINITIALIZED

.data      0    00000217    00000002     UNINITIALIZED
                  00000217    00000002     main.obj (.data)

.TI.persistent 
*          0    00000217    00000000     UNINITIALIZED

.stack     0    000002b0    00000050     UNINITIALIZED
                  000002b0    00000002     rts430_eabi.lib : boot.obj (.stack)
                  000002b2    0000004e     --HOLE--

.text      0    0000e000    000003f8     
                  0000e000    000000ae     main.obj (.text:TIMER0_A0_ISR)
                  0000e0ae    00000062     main.obj (.text:readFace)
                  0000e110    0000005e     rts430_eabi.lib : copy_decompress_rle.obj (.text:__TI_decompress_rle_core)
                  0000e16e    0000005e                     : autoinit.obj (.text:_auto_init)
                  0000e1cc    00000058     adxl345.obj (.text:ADXL345ReadAcc)
                  0000e224    00000056     adxl345.obj (.text:ADXL345Init)
                  0000e27a    00000052     main.obj (.text:main)
                  0000e2cc    0000003c     adxl345.obj (.text:ADXL345Read)
                  0000e308    0000002c     rts430_eabi.lib : lsl16.obj (.text)
                  0000e334    00000022     main.obj (.text:ledOn)
                  0000e356    0000001a     rts430_eabi.lib : boot.obj (.text:_c_int00_noexit)
                  0000e370    00000018     adxl345.obj (.text:ADXL345Write)
                  0000e388    00000014     rts430_eabi.lib : copy_zero_init.obj (.text:decompress:ZI:__TI_zero_init)
                  0000e39c    00000014     adxl345.obj (.text:spiTransfer)
                  0000e3b0    00000012     rts430_eabi.lib : copy_decompress_none.obj (.text:decompress:none:__TI_decompress_none)
                  0000e3c2    00000012                     : memcpy.obj (.text:memcpy)
                  0000e3d4    00000010                     : epilog.obj (.text)
                  0000e3e4    00000006                     : isr_trap.obj (.text:__TI_ISR_TRAP)
                  0000e3ea    00000006                     : copy_decompress_rle.obj (.text:decompress:rle24:__TI_decompress_rle24)
                  0000e3f0    00000004                     : pre_init.obj (.text:_system_pre_init)
                  0000e3f4    00000004                     : exit.obj (.text:abort)

.cinit     0    0000e3f8    00000018     
                  0000e3f8    00000006     (.cinit..data.load) [load image]
                  0000e3fe    00000006     (__TI_handler_table)
                  0000e404    00000004     (.cinit..bss.load) [load image, compression = zero_init]
                  0000e408    00000008     (__TI_cinit_table)

PORT1      0    0000ffe4    00000002     
                  0000ffe4    00000002     rts430_eabi.lib : int02.obj (.int02)

PORT2      0    0000ffe6    00000002     
                  0000ffe6    00000002     rts430_eabi.lib : int03.obj (.int03)

USI        0    0000ffe8    00000002     
                  0000ffe8    00000002     rts430_eabi.lib : int04.obj (.int04)

ADC10      0    0000ffea    00000002     
                  0000ffea    00000002     rts430_eabi.lib : int05.obj (.int05)

TIMER0_A1 
*          0    0000fff0    00000002     
                  0000fff0    00000002     rts430_eabi.lib : int08.obj (.int08)

TIMER0_A0 
*          0    0000fff2    00000002     
                  0000fff2    00000002     main.obj (.int09)

WDT        0    0000fff4    00000002     
                  0000fff4    00000002     rts430_eabi.lib : int10.obj (.int10)

COMPARATORA 
*          0    0000fff6    00000002     
                  0000fff6    00000002     rts430_eabi.lib : int11.obj (.int11)

NMI        0    0000fffc    00000002     
                  0000fffc    00000002     rts430_eabi.lib : int14.obj (.int14)

.reset     0    0000fffe    00000002     
                  0000fffe    00000002     rts430_eabi.lib : boot.obj (.reset)


LINKER GENERATED COPY TABLES

__TI_cinit_table @ 0000e408 records: 2, size/record: 4, table size: 8
	.data: load addr=0000e3f8, load size=00000006 bytes, run addr=00000217, run size=00000002 bytes, compression=copy
	.bss: load addr=0000e404, load size=00000004 bytes, run addr=00000200, run size=00000017 bytes, compression=zero_init


LINKER GENERATED HANDLER TABLE

__TI_handler_table @ 0000e3fe records: 3, size/record: 2, table size: 6
	index: 0, handler: __TI_zero_init
	index: 1, handler: __TI_decompress_rle24
	index: 2, handler: __TI_decompress_none


GLOBAL SYMBOLS: SORTED ALPHABETICALLY BY Name 

address    name
--------   ----
0000004a   ADC10AE0
000001b0   ADC10CTL0
000001b2   ADC10CTL1
00000048   ADC10DTC0
00000049   ADC10DTC1
000001b4   ADC10MEM
000001bc   ADC10SA
0000e224   ADXL345Init
0000e2cc   ADXL345Read
0000e1cc   ADXL345ReadAcc
0000e370   ADXL345Write
00000057   BCSCTL1
00000058   BCSCTL2
00000053   BCSCTL3
0000e3f4   C$$EXIT
00000059   CACTL1
0000005a   CACTL2
000010fb   CALBC1_12MHZ
000010f9   CALBC1_16MHZ
000010ff   CALBC1_1MHZ
000010fd   CALBC1_8MHZ
000010fa   CALDCO_12MHZ
000010f8   CALDCO_16MHZ
000010fe   CALDCO_1MHZ
000010fc   CALDCO_8MHZ
0000005b   CAPD
00000056   DCOCTL
00000128   FCTL1
0000012a   FCTL2
0000012c   FCTL3
00000000   IE1
00000002   IFG1
00000022   P1DIR
00000025   P1IE
00000024   P1IES
00000023   P1IFG
00000020   P1IN
00000021   P1OUT
00000027   P1REN
00000026   P1SEL
00000041   P1SEL2
0000002a   P2DIR
0000002d   P2IE
0000002c   P2IES
0000002b   P2IFG
00000028   P2IN
00000029   P2OUT
0000002f   P2REN
0000002e   P2SEL
00000042   P2SEL2
00000172   TA0CCR0
00000174   TA0CCR1
00000176   TA0CCR2
00000162   TA0CCTL0
00000164   TA0CCTL1
00000166   TA0CCTL2
00000160   TA0CTL
0000012e   TA0IV
00000170   TA0R
0000e000   TIMER0_A0_ISR
0000007a   USICCTL
0000007a   USICKCTL
0000007b   USICNT
00000078   USICTL
00000078   USICTL0
00000079   USICTL1
0000007c   USISR
0000007d   USISRH
0000007c   USISRL
00000120   WDTCTL
00000300   __STACK_END
00000050   __STACK_SIZE
0000e408   __TI_CINIT_Base
0000e410   __TI_CINIT_Limit
0000e3fe   __TI_Handler_Table_Base
0000e404   __TI_Handler_Table_Limit
UNDEFED    __TI_INITARRAY_Base
UNDEFED    __TI_INITARRAY_Limit
0000e3e4   __TI_ISR_TRAP
00000001   __TI_args_main
0000e3b0   __TI_decompress_none
0000e3ea   __TI_decompress_rle24
00000001   __TI_exit
0000ffe4   __TI_int02
0000ffe6   __TI_int03
0000ffe8   __TI_int04
0000ffea   __TI_int05
0000fff0   __TI_int08
0000fff2   __TI_int09
0000fff4   __TI_int10
0000fff6   __TI_int11
0000fffc   __TI_int14
0000e388   __TI_zero_init
ffffffff   __binit__
ffffffff   __c_args__
0000e3e0   __mspabi_func_epilog_1
0000e3de   __mspabi_func_epilog_2
0000e3dc   __mspabi_func_epilog_3
0000e3da   __mspabi_func_epilog_4
0000e3d8   __mspabi_func_epilog_5
0000e3d6   __mspabi_func_epilog_6
0000e3d4   __mspabi_func_epilog_7
0000e308   __mspabi_slli
0000e330   __mspabi_slli_1
0000e31e   __mspabi_slli_10
0000e31c   __mspabi_slli_11
0000e31a   __mspabi_slli_12
0000e318   __mspabi_slli_13
0000e316   __mspabi_slli_14
0000e314   __mspabi_slli_15
0000e32e   __mspabi_slli_2
0000e32c   __mspabi_slli_3
0000e32a   __mspabi_slli_4
0000e328   __mspabi_slli_5
0000e326   __mspabi_slli_6
0000e324   __mspabi_slli_7
0000e322   __mspabi_slli_8
0000e320   __mspabi_slli_9
0000e16e   _auto_init
0000e356   _c_int00
0000e356   _c_int00_noexit
0000fffe   _reset_vector
000002b0   _stack
0000e3f0   _system_pre_init
0000e3f4   abort
ffffffff   binit
0000e334   ledOn
0000e27a   main
0000e3c2   memcpy
00000206   ofs
0000020c   pwm
00000216   pwm_fade
0000e0ae   readFace
0000e39c   spiTransfer
00000212   timer


GLOBAL SYMBOLS: SORTED BY Symbol Address 

address    name
--------   ----
00000000   IE1
00000001   __TI_args_main
00000001   __TI_exit
00000002   IFG1
00000020   P1IN
00000021   P1OUT
00000022   P1DIR
00000023   P1IFG
00000024   P1IES
00000025   P1IE
00000026   P1SEL
00000027   P1REN
00000028   P2IN
00000029   P2OUT
0000002a   P2DIR
0000002b   P2IFG
0000002c   P2IES
0000002d   P2IE
0000002e   P2SEL
0000002f   P2REN
00000041   P1SEL2
00000042   P2SEL2
00000048   ADC10DTC0
00000049   ADC10DTC1
0000004a   ADC10AE0
00000050   __STACK_SIZE
00000053   BCSCTL3
00000056   DCOCTL
00000057   BCSCTL1
00000058   BCSCTL2
00000059   CACTL1
0000005a   CACTL2
0000005b   CAPD
00000078   USICTL
00000078   USICTL0
00000079   USICTL1
0000007a   USICCTL
0000007a   USICKCTL
0000007b   USICNT
0000007c   USISR
0000007c   USISRL
0000007d   USISRH
00000120   WDTCTL
00000128   FCTL1
0000012a   FCTL2
0000012c   FCTL3
0000012e   TA0IV
00000160   TA0CTL
00000162   TA0CCTL0
00000164   TA0CCTL1
00000166   TA0CCTL2
00000170   TA0R
00000172   TA0CCR0
00000174   TA0CCR1
00000176   TA0CCR2
000001b0   ADC10CTL0
000001b2   ADC10CTL1
000001b4   ADC10MEM
000001bc   ADC10SA
00000206   ofs
0000020c   pwm
00000212   timer
00000216   pwm_fade
000002b0   _stack
00000300   __STACK_END
000010f8   CALDCO_16MHZ
000010f9   CALBC1_16MHZ
000010fa   CALDCO_12MHZ
000010fb   CALBC1_12MHZ
000010fc   CALDCO_8MHZ
000010fd   CALBC1_8MHZ
000010fe   CALDCO_1MHZ
000010ff   CALBC1_1MHZ
0000e000   TIMER0_A0_ISR
0000e0ae   readFace
0000e16e   _auto_init
0000e1cc   ADXL345ReadAcc
0000e224   ADXL345Init
0000e27a   main
0000e2cc   ADXL345Read
0000e308   __mspabi_slli
0000e314   __mspabi_slli_15
0000e316   __mspabi_slli_14
0000e318   __mspabi_slli_13
0000e31a   __mspabi_slli_12
0000e31c   __mspabi_slli_11
0000e31e   __mspabi_slli_10
0000e320   __mspabi_slli_9
0000e322   __mspabi_slli_8
0000e324   __mspabi_slli_7
0000e326   __mspabi_slli_6
0000e328   __mspabi_slli_5
0000e32a   __mspabi_slli_4
0000e32c   __mspabi_slli_3
0000e32e   __mspabi_slli_2
0000e330   __mspabi_slli_1
0000e334   ledOn
0000e356   _c_int00
0000e356   _c_int00_noexit
0000e370   ADXL345Write
0000e388   __TI_zero_init
0000e39c   spiTransfer
0000e3b0   __TI_decompress_none
0000e3c2   memcpy
0000e3d4   __mspabi_func_epilog_7
0000e3d6   __mspabi_func_epilog_6
0000e3d8   __mspabi_func_epilog_5
0000e3da   __mspabi_func_epilog_4
0000e3dc   __mspabi_func_epilog_3
0000e3de   __mspabi_func_epilog_2
0000e3e0   __mspabi_func_epilog_1
0000e3e4   __TI_ISR_TRAP
0000e3ea   __TI_decompress_rle24
0000e3f0   _system_pre_init
0000e3f4   C$$EXIT
0000e3f4   abort
0000e3fe   __TI_Handler_Table_Base
0000e404   __TI_Handler_Table_Limit
0000e408   __TI_CINIT_Base
0000e410   __TI_CINIT_Limit
0000ffe4   __TI_int02
0000ffe6   __TI_int03
0000ffe8   __TI_int04
0000ffea   __TI_int05
0000fff0   __TI_int08
0000fff2   __TI_int09
0000fff4   __TI_int10
0000fff6   __TI_int11
0000fffc   __TI_int14
0000fffe   _reset_vector
ffffffff   __binit__
ffffffff   __c_args__
ffffffff   binit
UNDEFED    __TI_INITARRAY_Base
UNDEFED    __TI_INITARRAY_Limit

[135 symbols]
