<?xml version="1.0"?>
<link_info>
   <banner>MSP430 Linker PC v4.4.3</banner>
   <copyright>Copyright (c) 2003-2015 Texas Instruments Incorporated</copyright>
   <link_time>0x553b175b</link_time>
   <link_errors>0x0</link_errors>
   <output_file>dice.out</output_file>
   <entry_point>
      <name>_c_int00_noargs_noexit</name>
      <address>0xe4e4</address>
   </entry_point>
   <input_file_list>
      <input_file id="fl-31">
         <path>C:\Engineering\TI\ccsv6\tools\compiler\ti-cgt-msp430_4.4.3\lib\</path>
         <kind>archive</kind>
         <file>rts430_eabi.lib</file>
         <name>boot.obj</name>
      </input_file>
      <input_file id="fl-32">
         <path>C:\Engineering\TI\ccsv6\tools\compiler\ti-cgt-msp430_4.4.3\lib\</path>
         <kind>archive</kind>
         <file>rts430_eabi.lib</file>
         <name>boot_special.obj</name>
      </input_file>
      <input_file id="fl-36">
         <path>C:\Engineering\TI\ccsv6\tools\compiler\ti-cgt-msp430_4.4.3\lib\</path>
         <kind>archive</kind>
         <file>rts430_eabi.lib</file>
         <name>epilog.obj</name>
      </input_file>
      <input_file id="fl-37">
         <path>C:\Engineering\TI\ccsv6\tools\compiler\ti-cgt-msp430_4.4.3\lib\</path>
         <kind>archive</kind>
         <file>rts430_eabi.lib</file>
         <name>exit.obj</name>
      </input_file>
      <input_file id="fl-38">
         <path>C:\Engineering\TI\ccsv6\tools\compiler\ti-cgt-msp430_4.4.3\lib\</path>
         <kind>archive</kind>
         <file>rts430_eabi.lib</file>
         <name>int02.obj</name>
      </input_file>
      <input_file id="fl-39">
         <path>C:\Engineering\TI\ccsv6\tools\compiler\ti-cgt-msp430_4.4.3\lib\</path>
         <kind>archive</kind>
         <file>rts430_eabi.lib</file>
         <name>int03.obj</name>
      </input_file>
      <input_file id="fl-3a">
         <path>C:\Engineering\TI\ccsv6\tools\compiler\ti-cgt-msp430_4.4.3\lib\</path>
         <kind>archive</kind>
         <file>rts430_eabi.lib</file>
         <name>int04.obj</name>
      </input_file>
      <input_file id="fl-3b">
         <path>C:\Engineering\TI\ccsv6\tools\compiler\ti-cgt-msp430_4.4.3\lib\</path>
         <kind>archive</kind>
         <file>rts430_eabi.lib</file>
         <name>int08.obj</name>
      </input_file>
      <input_file id="fl-3c">
         <path>C:\Engineering\TI\ccsv6\tools\compiler\ti-cgt-msp430_4.4.3\lib\</path>
         <kind>archive</kind>
         <file>rts430_eabi.lib</file>
         <name>int10.obj</name>
      </input_file>
      <input_file id="fl-3d">
         <path>C:\Engineering\TI\ccsv6\tools\compiler\ti-cgt-msp430_4.4.3\lib\</path>
         <kind>archive</kind>
         <file>rts430_eabi.lib</file>
         <name>int11.obj</name>
      </input_file>
      <input_file id="fl-3e">
         <path>C:\Engineering\TI\ccsv6\tools\compiler\ti-cgt-msp430_4.4.3\lib\</path>
         <kind>archive</kind>
         <file>rts430_eabi.lib</file>
         <name>int14.obj</name>
      </input_file>
      <input_file id="fl-3f">
         <path>C:\Engineering\TI\ccsv6\tools\compiler\ti-cgt-msp430_4.4.3\lib\</path>
         <kind>archive</kind>
         <file>rts430_eabi.lib</file>
         <name>isr_trap.obj</name>
      </input_file>
      <input_file id="fl-40">
         <path>C:\Engineering\TI\ccsv6\tools\compiler\ti-cgt-msp430_4.4.3\lib\</path>
         <kind>archive</kind>
         <file>rts430_eabi.lib</file>
         <name>lsr16.obj</name>
      </input_file>
      <input_file id="fl-45">
         <path>C:\Engineering\TI\ccsv6\tools\compiler\ti-cgt-msp430_4.4.3\lib\</path>
         <kind>archive</kind>
         <file>rts430_eabi.lib</file>
         <name>args_main.obj</name>
      </input_file>
      <input_file id="fl-46">
         <path>C:\Engineering\TI\ccsv6\tools\compiler\ti-cgt-msp430_4.4.3\lib\</path>
         <kind>archive</kind>
         <file>rts430_eabi.lib</file>
         <name>autoinit.obj</name>
      </input_file>
      <input_file id="fl-47">
         <path>C:\Users\Luis\AppData\Local\Temp\</path>
         <kind>object</kind>
         <file>142802</file>
         <name>142802</name>
      </input_file>
   </input_file_list>
   <object_component_list>
      <object_component id="oc-83">
         <name>.stack</name>
         <uninitialized>true</uninitialized>
         <run_address>0x2b0</run_address>
         <size>0x2</size>
         <input_file_ref idref="fl-31"/>
      </object_component>
      <object_component id="oc-199">
         <name>.stack</name>
         <uninitialized>true</uninitialized>
         <run_address>0x2b0</run_address>
         <size>0x0</size>
      </object_component>
      <object_component id="oc-ce">
         <name>.text:main</name>
         <load_address>0xe000</load_address>
         <run_address>0xe000</run_address>
         <size>0x246</size>
         <input_file_ref idref="fl-2"/>
      </object_component>
      <object_component id="oc-a7">
         <name>.text:timerUpdate</name>
         <load_address>0xe246</load_address>
         <run_address>0xe246</run_address>
         <size>0xd8</size>
         <input_file_ref idref="fl-2"/>
      </object_component>
      <object_component id="oc-124">
         <name>.text:ledCycle</name>
         <load_address>0xe31e</load_address>
         <run_address>0xe31e</run_address>
         <size>0x6e</size>
         <input_file_ref idref="fl-2"/>
      </object_component>
      <object_component id="oc-95">
         <name>.text:__TI_decompress_rle_core$2</name>
         <load_address>0xe38c</load_address>
         <run_address>0xe38c</run_address>
         <size>0x64</size>
         <input_file_ref idref="fl-34"/>
      </object_component>
      <object_component id="oc-b4">
         <name>.text:_auto_init</name>
         <load_address>0xe3f0</load_address>
         <run_address>0xe3f0</run_address>
         <size>0x58</size>
         <input_file_ref idref="fl-46"/>
      </object_component>
      <object_component id="oc-153">
         <name>.text</name>
         <load_address>0xe448</load_address>
         <run_address>0xe448</run_address>
         <size>0x4c</size>
         <input_file_ref idref="fl-40"/>
      </object_component>
      <object_component id="oc-a1">
         <name>.text:accEvent</name>
         <load_address>0xe494</load_address>
         <run_address>0xe494</run_address>
         <size>0x2a</size>
         <input_file_ref idref="fl-2"/>
      </object_component>
      <object_component id="oc-11b">
         <name>.text:wait</name>
         <load_address>0xe4be</load_address>
         <run_address>0xe4be</run_address>
         <size>0x26</size>
         <input_file_ref idref="fl-2"/>
      </object_component>
      <object_component id="oc-5f">
         <name>.text:_c_int00_noargs_noexit</name>
         <load_address>0xe4e4</load_address>
         <run_address>0xe4e4</run_address>
         <size>0x1a</size>
         <input_file_ref idref="fl-32"/>
      </object_component>
      <object_component id="oc-41">
         <name>.text:decompress:ZI:__TI_zero_init</name>
         <load_address>0xe4fe</load_address>
         <run_address>0xe4fe</run_address>
         <size>0x14</size>
         <input_file_ref idref="fl-35"/>
      </object_component>
      <object_component id="oc-2c">
         <name>.text:decompress:none:__TI_decompress_none</name>
         <load_address>0xe512</load_address>
         <run_address>0xe512</run_address>
         <size>0x12</size>
         <input_file_ref idref="fl-33"/>
      </object_component>
      <object_component id="oc-87">
         <name>.text:memcpy</name>
         <load_address>0xe524</load_address>
         <run_address>0xe524</run_address>
         <size>0x10</size>
         <input_file_ref idref="fl-41"/>
      </object_component>
      <object_component id="oc-f6">
         <name>.text</name>
         <load_address>0xe534</load_address>
         <run_address>0xe534</run_address>
         <size>0x10</size>
         <input_file_ref idref="fl-36"/>
      </object_component>
      <object_component id="oc-9c">
         <name>.text:_isr:__TI_ISR_TRAP</name>
         <load_address>0xe544</load_address>
         <run_address>0xe544</run_address>
         <size>0x6</size>
         <input_file_ref idref="fl-3f"/>
      </object_component>
      <object_component id="oc-32">
         <name>.text:decompress:rle24:__TI_decompress_rle24</name>
         <load_address>0xe54a</load_address>
         <run_address>0xe54a</run_address>
         <size>0x6</size>
         <input_file_ref idref="fl-34"/>
      </object_component>
      <object_component id="oc-ae">
         <name>.text:_system_pre_init</name>
         <load_address>0xe550</load_address>
         <run_address>0xe550</run_address>
         <size>0x4</size>
         <input_file_ref idref="fl-43"/>
      </object_component>
      <object_component id="oc-d6">
         <name>.text:abort</name>
         <load_address>0xe554</load_address>
         <run_address>0xe554</run_address>
         <size>0x4</size>
         <input_file_ref idref="fl-37"/>
      </object_component>
      <object_component id="oc-198">
         <name>.cinit..data.load</name>
         <load_address>0xe558</load_address>
         <run_address>0xe558</run_address>
         <size>0x6</size>
      </object_component>
      <object_component id="oc-195">
         <name>__TI_handler_table</name>
         <load_address>0xe55e</load_address>
         <run_address>0xe55e</run_address>
         <size>0x6</size>
      </object_component>
      <object_component id="oc-197">
         <name>.cinit..bss.load</name>
         <load_address>0xe564</load_address>
         <run_address>0xe564</run_address>
         <size>0x4</size>
      </object_component>
      <object_component id="oc-196">
         <name>__TI_cinit_table</name>
         <load_address>0xe568</load_address>
         <run_address>0xe568</run_address>
         <size>0x8</size>
      </object_component>
      <object_component id="oc-38">
         <name>.int02</name>
         <load_address>0xffe4</load_address>
         <run_address>0xffe4</run_address>
         <size>0x2</size>
         <input_file_ref idref="fl-38"/>
      </object_component>
      <object_component id="oc-39">
         <name>.int03</name>
         <load_address>0xffe6</load_address>
         <run_address>0xffe6</run_address>
         <size>0x2</size>
         <input_file_ref idref="fl-39"/>
      </object_component>
      <object_component id="oc-3a">
         <name>.int04</name>
         <load_address>0xffe8</load_address>
         <run_address>0xffe8</run_address>
         <size>0x2</size>
         <input_file_ref idref="fl-3a"/>
      </object_component>
      <object_component id="oc-3b">
         <name>.int05</name>
         <load_address>0xffea</load_address>
         <run_address>0xffea</run_address>
         <size>0x2</size>
         <input_file_ref idref="fl-47"/>
      </object_component>
      <object_component id="oc-3c">
         <name>.int08</name>
         <load_address>0xfff0</load_address>
         <run_address>0xfff0</run_address>
         <size>0x2</size>
         <input_file_ref idref="fl-3b"/>
      </object_component>
      <object_component id="oc-3d">
         <name>.int09</name>
         <load_address>0xfff2</load_address>
         <run_address>0xfff2</run_address>
         <size>0x2</size>
         <input_file_ref idref="fl-47"/>
      </object_component>
      <object_component id="oc-3e">
         <name>.int10</name>
         <load_address>0xfff4</load_address>
         <run_address>0xfff4</run_address>
         <size>0x2</size>
         <input_file_ref idref="fl-3c"/>
      </object_component>
      <object_component id="oc-3f">
         <name>.int11</name>
         <load_address>0xfff6</load_address>
         <run_address>0xfff6</run_address>
         <size>0x2</size>
         <input_file_ref idref="fl-3d"/>
      </object_component>
      <object_component id="oc-40">
         <name>.int14</name>
         <load_address>0xfffc</load_address>
         <run_address>0xfffc</run_address>
         <size>0x2</size>
         <input_file_ref idref="fl-3e"/>
      </object_component>
      <object_component id="oc-86">
         <name>.reset</name>
         <load_address>0xfffe</load_address>
         <run_address>0xfffe</run_address>
         <size>0x2</size>
         <input_file_ref idref="fl-31"/>
      </object_component>
      <object_component id="oc-159">
         <name>.common:num$1$0</name>
         <uninitialized>true</uninitialized>
         <run_address>0x223</run_address>
         <size>0x1</size>
      </object_component>
      <object_component id="oc-121">
         <name>.common:curr$2$0</name>
         <uninitialized>true</uninitialized>
         <run_address>0x220</run_address>
         <size>0x1</size>
      </object_component>
      <object_component id="oc-11a">
         <name>.common:new$3$0</name>
         <uninitialized>true</uninitialized>
         <run_address>0x222</run_address>
         <size>0x1</size>
      </object_component>
      <object_component id="oc-123">
         <name>.common:faceChangeTime$4$0</name>
         <uninitialized>true</uninitialized>
         <run_address>0x210</run_address>
         <size>0x6</size>
      </object_component>
      <object_component id="oc-122">
         <name>.common:faceLast$5$0</name>
         <uninitialized>true</uninitialized>
         <run_address>0x221</run_address>
         <size>0x1</size>
      </object_component>
      <object_component id="oc-104">
         <name>.common:timer</name>
         <uninitialized>true</uninitialized>
         <run_address>0x200</run_address>
         <size>0xa</size>
      </object_component>
      <object_component id="oc-100">
         <name>.common:led</name>
         <uninitialized>true</uninitialized>
         <run_address>0x216</run_address>
         <size>0x6</size>
      </object_component>
      <object_component id="oc-fd">
         <name>.common:accBuffer</name>
         <uninitialized>true</uninitialized>
         <run_address>0x20a</run_address>
         <size>0x6</size>
      </object_component>
      <object_component id="oc-fe">
         <name>.common:acc</name>
         <uninitialized>true</uninitialized>
         <run_address>0x21c</run_address>
         <size>0x4</size>
      </object_component>
      <object_component id="oc-101">
         <name>.data</name>
         <load_address>0x224</load_address>
         <run_address>0x224</run_address>
         <size>0x2</size>
         <input_file_ref idref="fl-2"/>
      </object_component>
      <object_component id="oc-84">
         <name>.debug_info</name>
         <load_address>0x0</load_address>
         <run_address>0x0</run_address>
         <size>0xd8</size>
         <input_file_ref idref="fl-31"/>
      </object_component>
      <object_component id="oc-e4">
         <name>.debug_info</name>
         <load_address>0xd8</load_address>
         <run_address>0xd8</run_address>
         <size>0x84</size>
         <input_file_ref idref="fl-31"/>
      </object_component>
      <object_component id="oc-61">
         <name>.debug_info</name>
         <load_address>0x15c</load_address>
         <run_address>0x15c</run_address>
         <size>0x179</size>
         <input_file_ref idref="fl-32"/>
      </object_component>
      <object_component id="oc-f8">
         <name>.debug_info</name>
         <load_address>0x2d5</load_address>
         <run_address>0x2d5</run_address>
         <size>0x10d</size>
         <input_file_ref idref="fl-36"/>
      </object_component>
      <object_component id="oc-d9">
         <name>.debug_info</name>
         <load_address>0x3e2</load_address>
         <run_address>0x3e2</run_address>
         <size>0xfa</size>
         <input_file_ref idref="fl-37"/>
      </object_component>
      <object_component id="oc-9d">
         <name>.debug_info</name>
         <load_address>0x4dc</load_address>
         <run_address>0x4dc</run_address>
         <size>0xee</size>
         <input_file_ref idref="fl-3f"/>
      </object_component>
      <object_component id="oc-154">
         <name>.debug_info</name>
         <load_address>0x5ca</load_address>
         <run_address>0x5ca</run_address>
         <size>0xff</size>
         <input_file_ref idref="fl-40"/>
      </object_component>
      <object_component id="oc-108">
         <name>.debug_info</name>
         <load_address>0x6c9</load_address>
         <run_address>0x6c9</run_address>
         <size>0x2cc</size>
         <input_file_ref idref="fl-46"/>
      </object_component>
      <object_component id="oc-b5">
         <name>.debug_info</name>
         <load_address>0x995</load_address>
         <run_address>0x995</run_address>
         <size>0x17e</size>
         <input_file_ref idref="fl-46"/>
      </object_component>
      <object_component id="oc-136">
         <name>.debug_info</name>
         <load_address>0xb13</load_address>
         <run_address>0xb13</run_address>
         <size>0x39</size>
         <input_file_ref idref="fl-46"/>
      </object_component>
      <object_component id="oc-93">
         <name>.debug_info</name>
         <load_address>0xb4c</load_address>
         <run_address>0xb4c</run_address>
         <size>0x545</size>
         <input_file_ref idref="fl-47"/>
      </object_component>
      <object_component id="oc-102">
         <name>.debug_info</name>
         <load_address>0x1091</load_address>
         <run_address>0x1091</run_address>
         <size>0xcb</size>
         <input_file_ref idref="fl-47"/>
      </object_component>
      <object_component id="oc-a8">
         <name>.debug_info</name>
         <load_address>0x115c</load_address>
         <run_address>0x115c</run_address>
         <size>0x11f</size>
         <input_file_ref idref="fl-47"/>
      </object_component>
      <object_component id="oc-11c">
         <name>.debug_info</name>
         <load_address>0x127b</load_address>
         <run_address>0x127b</run_address>
         <size>0x143</size>
         <input_file_ref idref="fl-47"/>
      </object_component>
      <object_component id="oc-125">
         <name>.debug_info</name>
         <load_address>0x13be</load_address>
         <run_address>0x13be</run_address>
         <size>0x172</size>
         <input_file_ref idref="fl-47"/>
      </object_component>
      <object_component id="oc-cf">
         <name>.debug_info</name>
         <load_address>0x1530</load_address>
         <run_address>0x1530</run_address>
         <size>0x209</size>
         <input_file_ref idref="fl-47"/>
      </object_component>
      <object_component id="oc-a2">
         <name>.debug_info</name>
         <load_address>0x1739</load_address>
         <run_address>0x1739</run_address>
         <size>0xf7</size>
         <input_file_ref idref="fl-47"/>
      </object_component>
      <object_component id="oc-af">
         <name>.debug_info</name>
         <load_address>0x1830</load_address>
         <run_address>0x1830</run_address>
         <size>0x109</size>
         <input_file_ref idref="fl-47"/>
      </object_component>
      <object_component id="oc-42">
         <name>.debug_info</name>
         <load_address>0x1939</load_address>
         <run_address>0x1939</run_address>
         <size>0x170</size>
         <input_file_ref idref="fl-47"/>
      </object_component>
      <object_component id="oc-96">
         <name>.debug_info</name>
         <load_address>0x1aa9</load_address>
         <run_address>0x1aa9</run_address>
         <size>0x1f2</size>
         <input_file_ref idref="fl-47"/>
      </object_component>
      <object_component id="oc-33">
         <name>.debug_info</name>
         <load_address>0x1c9b</load_address>
         <run_address>0x1c9b</run_address>
         <size>0x169</size>
         <input_file_ref idref="fl-47"/>
      </object_component>
      <object_component id="oc-88">
         <name>.debug_info</name>
         <load_address>0x1e04</load_address>
         <run_address>0x1e04</run_address>
         <size>0x147</size>
         <input_file_ref idref="fl-47"/>
      </object_component>
      <object_component id="oc-2d">
         <name>.debug_info</name>
         <load_address>0x1f4b</load_address>
         <run_address>0x1f4b</run_address>
         <size>0x194</size>
         <input_file_ref idref="fl-47"/>
      </object_component>
      <object_component id="oc-12b">
         <name>.debug_info</name>
         <load_address>0x20df</load_address>
         <run_address>0x20df</run_address>
         <size>0x7a</size>
         <input_file_ref idref="fl-47"/>
      </object_component>
      <object_component id="oc-f1">
         <name>.debug_info</name>
         <load_address>0x2159</load_address>
         <run_address>0x2159</run_address>
         <size>0x18b</size>
         <input_file_ref idref="fl-47"/>
      </object_component>
      <object_component id="oc-8e">
         <name>.debug_info</name>
         <load_address>0x22e4</load_address>
         <run_address>0x22e4</run_address>
         <size>0x46</size>
         <input_file_ref idref="fl-47"/>
      </object_component>
      <object_component id="oc-ea">
         <name>.debug_info</name>
         <load_address>0x232a</load_address>
         <run_address>0x232a</run_address>
         <size>0x2c</size>
         <input_file_ref idref="fl-47"/>
      </object_component>
      <object_component id="oc-19a">
         <name>.debug_info</name>
         <load_address>0x2356</load_address>
         <run_address>0x2356</run_address>
         <size>0xa9</size>
      </object_component>
      <object_component id="oc-e3">
         <name>.debug_line</name>
         <load_address>0x0</load_address>
         <run_address>0x0</run_address>
         <size>0x2a</size>
         <input_file_ref idref="fl-31"/>
      </object_component>
      <object_component id="oc-e7">
         <name>.debug_line</name>
         <load_address>0x2a</load_address>
         <run_address>0x2a</run_address>
         <size>0x20</size>
         <input_file_ref idref="fl-31"/>
      </object_component>
      <object_component id="oc-60">
         <name>.debug_line</name>
         <load_address>0x4a</load_address>
         <run_address>0x4a</run_address>
         <size>0x4c</size>
         <input_file_ref idref="fl-32"/>
      </object_component>
      <object_component id="oc-f7">
         <name>.debug_line</name>
         <load_address>0x96</load_address>
         <run_address>0x96</run_address>
         <size>0x40</size>
         <input_file_ref idref="fl-36"/>
      </object_component>
      <object_component id="oc-d7">
         <name>.debug_line</name>
         <load_address>0xd6</load_address>
         <run_address>0xd6</run_address>
         <size>0x3a</size>
         <input_file_ref idref="fl-37"/>
      </object_component>
      <object_component id="oc-a0">
         <name>.debug_line</name>
         <load_address>0x110</load_address>
         <run_address>0x110</run_address>
         <size>0x3c</size>
         <input_file_ref idref="fl-3f"/>
      </object_component>
      <object_component id="oc-157">
         <name>.debug_line</name>
         <load_address>0x14c</load_address>
         <run_address>0x14c</run_address>
         <size>0x5e</size>
         <input_file_ref idref="fl-40"/>
      </object_component>
      <object_component id="oc-135">
         <name>.debug_line</name>
         <load_address>0x1aa</load_address>
         <run_address>0x1aa</run_address>
         <size>0x2e</size>
         <input_file_ref idref="fl-46"/>
      </object_component>
      <object_component id="oc-b8">
         <name>.debug_line</name>
         <load_address>0x1d8</load_address>
         <run_address>0x1d8</run_address>
         <size>0x7b</size>
         <input_file_ref idref="fl-46"/>
      </object_component>
      <object_component id="oc-139">
         <name>.debug_line</name>
         <load_address>0x253</load_address>
         <run_address>0x253</run_address>
         <size>0x2e</size>
         <input_file_ref idref="fl-46"/>
      </object_component>
      <object_component id="oc-f0">
         <name>.debug_line</name>
         <load_address>0x281</load_address>
         <run_address>0x281</run_address>
         <size>0xcf</size>
         <input_file_ref idref="fl-47"/>
      </object_component>
      <object_component id="oc-133">
         <name>.debug_line</name>
         <load_address>0x350</load_address>
         <run_address>0x350</run_address>
         <size>0x2d</size>
         <input_file_ref idref="fl-47"/>
      </object_component>
      <object_component id="oc-ab">
         <name>.debug_line</name>
         <load_address>0x37d</load_address>
         <run_address>0x37d</run_address>
         <size>0x8c</size>
         <input_file_ref idref="fl-47"/>
      </object_component>
      <object_component id="oc-11f">
         <name>.debug_line</name>
         <load_address>0x409</load_address>
         <run_address>0x409</run_address>
         <size>0x4d</size>
         <input_file_ref idref="fl-47"/>
      </object_component>
      <object_component id="oc-129">
         <name>.debug_line</name>
         <load_address>0x456</load_address>
         <run_address>0x456</run_address>
         <size>0x5e</size>
         <input_file_ref idref="fl-47"/>
      </object_component>
      <object_component id="oc-d3">
         <name>.debug_line</name>
         <load_address>0x4b4</load_address>
         <run_address>0x4b4</run_address>
         <size>0x1a1</size>
         <input_file_ref idref="fl-47"/>
      </object_component>
      <object_component id="oc-a6">
         <name>.debug_line</name>
         <load_address>0x655</load_address>
         <run_address>0x655</run_address>
         <size>0x43</size>
         <input_file_ref idref="fl-47"/>
      </object_component>
      <object_component id="oc-b2">
         <name>.debug_line</name>
         <load_address>0x698</load_address>
         <run_address>0x698</run_address>
         <size>0x3e</size>
         <input_file_ref idref="fl-47"/>
      </object_component>
      <object_component id="oc-46">
         <name>.debug_line</name>
         <load_address>0x6d6</load_address>
         <run_address>0x6d6</run_address>
         <size>0x4d</size>
         <input_file_ref idref="fl-47"/>
      </object_component>
      <object_component id="oc-99">
         <name>.debug_line</name>
         <load_address>0x723</load_address>
         <run_address>0x723</run_address>
         <size>0x87</size>
         <input_file_ref idref="fl-47"/>
      </object_component>
      <object_component id="oc-36">
         <name>.debug_line</name>
         <load_address>0x7aa</load_address>
         <run_address>0x7aa</run_address>
         <size>0x49</size>
         <input_file_ref idref="fl-47"/>
      </object_component>
      <object_component id="oc-8c">
         <name>.debug_line</name>
         <load_address>0x7f3</load_address>
         <run_address>0x7f3</run_address>
         <size>0x42</size>
         <input_file_ref idref="fl-47"/>
      </object_component>
      <object_component id="oc-31">
         <name>.debug_line</name>
         <load_address>0x835</load_address>
         <run_address>0x835</run_address>
         <size>0x50</size>
         <input_file_ref idref="fl-47"/>
      </object_component>
      <object_component id="oc-12e">
         <name>.debug_line</name>
         <load_address>0x885</load_address>
         <run_address>0x885</run_address>
         <size>0x2d</size>
         <input_file_ref idref="fl-47"/>
      </object_component>
      <object_component id="oc-f4">
         <name>.debug_line</name>
         <load_address>0x8b2</load_address>
         <run_address>0x8b2</run_address>
         <size>0x6f</size>
         <input_file_ref idref="fl-47"/>
      </object_component>
      <object_component id="oc-91">
         <name>.debug_line</name>
         <load_address>0x921</load_address>
         <run_address>0x921</run_address>
         <size>0x34</size>
         <input_file_ref idref="fl-47"/>
      </object_component>
      <object_component id="oc-ed">
         <name>.debug_line</name>
         <load_address>0x955</load_address>
         <run_address>0x955</run_address>
         <size>0x72</size>
         <input_file_ref idref="fl-47"/>
      </object_component>
      <object_component id="oc-64">
         <name>.debug_frame</name>
         <load_address>0x0</load_address>
         <run_address>0x0</run_address>
         <size>0x42</size>
         <input_file_ref idref="fl-32"/>
      </object_component>
      <object_component id="oc-db">
         <name>.debug_frame</name>
         <load_address>0x42</load_address>
         <run_address>0x42</run_address>
         <size>0x47</size>
         <input_file_ref idref="fl-37"/>
      </object_component>
      <object_component id="oc-b9">
         <name>.debug_frame</name>
         <load_address>0x89</load_address>
         <run_address>0x89</run_address>
         <size>0x51</size>
         <input_file_ref idref="fl-46"/>
      </object_component>
      <object_component id="oc-ac">
         <name>.debug_frame</name>
         <load_address>0xda</load_address>
         <run_address>0xda</run_address>
         <size>0x63</size>
         <input_file_ref idref="fl-47"/>
      </object_component>
      <object_component id="oc-120">
         <name>.debug_frame</name>
         <load_address>0x13d</load_address>
         <run_address>0x13d</run_address>
         <size>0x4b</size>
         <input_file_ref idref="fl-47"/>
      </object_component>
      <object_component id="oc-128">
         <name>.debug_frame</name>
         <load_address>0x188</load_address>
         <run_address>0x188</run_address>
         <size>0x47</size>
         <input_file_ref idref="fl-47"/>
      </object_component>
      <object_component id="oc-d2">
         <name>.debug_frame</name>
         <load_address>0x1cf</load_address>
         <run_address>0x1cf</run_address>
         <size>0x5d</size>
         <input_file_ref idref="fl-47"/>
      </object_component>
      <object_component id="oc-a5">
         <name>.debug_frame</name>
         <load_address>0x22c</load_address>
         <run_address>0x22c</run_address>
         <size>0x50</size>
         <input_file_ref idref="fl-47"/>
      </object_component>
      <object_component id="oc-b3">
         <name>.debug_frame</name>
         <load_address>0x27c</load_address>
         <run_address>0x27c</run_address>
         <size>0x47</size>
         <input_file_ref idref="fl-47"/>
      </object_component>
      <object_component id="oc-45">
         <name>.debug_frame</name>
         <load_address>0x2c3</load_address>
         <run_address>0x2c3</run_address>
         <size>0x47</size>
         <input_file_ref idref="fl-47"/>
      </object_component>
      <object_component id="oc-9a">
         <name>.debug_frame</name>
         <load_address>0x30a</load_address>
         <run_address>0x30a</run_address>
         <size>0x51</size>
         <input_file_ref idref="fl-47"/>
      </object_component>
      <object_component id="oc-37">
         <name>.debug_frame</name>
         <load_address>0x35b</load_address>
         <run_address>0x35b</run_address>
         <size>0x47</size>
         <input_file_ref idref="fl-47"/>
      </object_component>
      <object_component id="oc-8b">
         <name>.debug_frame</name>
         <load_address>0x3a2</load_address>
         <run_address>0x3a2</run_address>
         <size>0x47</size>
         <input_file_ref idref="fl-47"/>
      </object_component>
      <object_component id="oc-30">
         <name>.debug_frame</name>
         <load_address>0x3e9</load_address>
         <run_address>0x3e9</run_address>
         <size>0x47</size>
         <input_file_ref idref="fl-47"/>
      </object_component>
      <object_component id="oc-e2">
         <name>.debug_abbrev</name>
         <load_address>0x0</load_address>
         <run_address>0x0</run_address>
         <size>0x29</size>
         <input_file_ref idref="fl-31"/>
      </object_component>
      <object_component id="oc-e6">
         <name>.debug_abbrev</name>
         <load_address>0x29</load_address>
         <run_address>0x29</run_address>
         <size>0x1f</size>
         <input_file_ref idref="fl-31"/>
      </object_component>
      <object_component id="oc-dc">
         <name>.debug_abbrev</name>
         <load_address>0x48</load_address>
         <run_address>0x48</run_address>
         <size>0x58</size>
         <input_file_ref idref="fl-32"/>
      </object_component>
      <object_component id="oc-131">
         <name>.debug_abbrev</name>
         <load_address>0xa0</load_address>
         <run_address>0xa0</run_address>
         <size>0x3a</size>
         <input_file_ref idref="fl-36"/>
      </object_component>
      <object_component id="oc-130">
         <name>.debug_abbrev</name>
         <load_address>0xda</load_address>
         <run_address>0xda</run_address>
         <size>0x45</size>
         <input_file_ref idref="fl-37"/>
      </object_component>
      <object_component id="oc-fc">
         <name>.debug_abbrev</name>
         <load_address>0x11f</load_address>
         <run_address>0x11f</run_address>
         <size>0x28</size>
         <input_file_ref idref="fl-3f"/>
      </object_component>
      <object_component id="oc-15e">
         <name>.debug_abbrev</name>
         <load_address>0x147</load_address>
         <run_address>0x147</run_address>
         <size>0x3c</size>
         <input_file_ref idref="fl-40"/>
      </object_component>
      <object_component id="oc-134">
         <name>.debug_abbrev</name>
         <load_address>0x183</load_address>
         <run_address>0x183</run_address>
         <size>0x7b</size>
         <input_file_ref idref="fl-46"/>
      </object_component>
      <object_component id="oc-107">
         <name>.debug_abbrev</name>
         <load_address>0x1fe</load_address>
         <run_address>0x1fe</run_address>
         <size>0x70</size>
         <input_file_ref idref="fl-46"/>
      </object_component>
      <object_component id="oc-138">
         <name>.debug_abbrev</name>
         <load_address>0x26e</load_address>
         <run_address>0x26e</run_address>
         <size>0x24</size>
         <input_file_ref idref="fl-46"/>
      </object_component>
      <object_component id="oc-ef">
         <name>.debug_abbrev</name>
         <load_address>0x292</load_address>
         <run_address>0x292</run_address>
         <size>0xe7</size>
         <input_file_ref idref="fl-47"/>
      </object_component>
      <object_component id="oc-132">
         <name>.debug_abbrev</name>
         <load_address>0x379</load_address>
         <run_address>0x379</run_address>
         <size>0x27</size>
         <input_file_ref idref="fl-47"/>
      </object_component>
      <object_component id="oc-105">
         <name>.debug_abbrev</name>
         <load_address>0x3a0</load_address>
         <run_address>0x3a0</run_address>
         <size>0x5f</size>
         <input_file_ref idref="fl-47"/>
      </object_component>
      <object_component id="oc-158">
         <name>.debug_abbrev</name>
         <load_address>0x3ff</load_address>
         <run_address>0x3ff</run_address>
         <size>0x7a</size>
         <input_file_ref idref="fl-47"/>
      </object_component>
      <object_component id="oc-15a">
         <name>.debug_abbrev</name>
         <load_address>0x479</load_address>
         <run_address>0x479</run_address>
         <size>0x78</size>
         <input_file_ref idref="fl-47"/>
      </object_component>
      <object_component id="oc-12a">
         <name>.debug_abbrev</name>
         <load_address>0x4f1</load_address>
         <run_address>0x4f1</run_address>
         <size>0x60</size>
         <input_file_ref idref="fl-47"/>
      </object_component>
      <object_component id="oc-ff">
         <name>.debug_abbrev</name>
         <load_address>0x551</load_address>
         <run_address>0x551</run_address>
         <size>0x51</size>
         <input_file_ref idref="fl-47"/>
      </object_component>
      <object_component id="oc-106">
         <name>.debug_abbrev</name>
         <load_address>0x5a2</load_address>
         <run_address>0x5a2</run_address>
         <size>0x50</size>
         <input_file_ref idref="fl-47"/>
      </object_component>
      <object_component id="oc-ad">
         <name>.debug_abbrev</name>
         <load_address>0x5f2</load_address>
         <run_address>0x5f2</run_address>
         <size>0x6a</size>
         <input_file_ref idref="fl-47"/>
      </object_component>
      <object_component id="oc-fb">
         <name>.debug_abbrev</name>
         <load_address>0x65c</load_address>
         <run_address>0x65c</run_address>
         <size>0x68</size>
         <input_file_ref idref="fl-47"/>
      </object_component>
      <object_component id="oc-9b">
         <name>.debug_abbrev</name>
         <load_address>0x6c4</load_address>
         <run_address>0x6c4</run_address>
         <size>0x61</size>
         <input_file_ref idref="fl-47"/>
      </object_component>
      <object_component id="oc-e9">
         <name>.debug_abbrev</name>
         <load_address>0x725</load_address>
         <run_address>0x725</run_address>
         <size>0x6c</size>
         <input_file_ref idref="fl-47"/>
      </object_component>
      <object_component id="oc-8d">
         <name>.debug_abbrev</name>
         <load_address>0x791</load_address>
         <run_address>0x791</run_address>
         <size>0x6f</size>
         <input_file_ref idref="fl-47"/>
      </object_component>
      <object_component id="oc-12d">
         <name>.debug_abbrev</name>
         <load_address>0x800</load_address>
         <run_address>0x800</run_address>
         <size>0x44</size>
         <input_file_ref idref="fl-47"/>
      </object_component>
      <object_component id="oc-f3">
         <name>.debug_abbrev</name>
         <load_address>0x844</load_address>
         <run_address>0x844</run_address>
         <size>0x35</size>
         <input_file_ref idref="fl-47"/>
      </object_component>
      <object_component id="oc-90">
         <name>.debug_abbrev</name>
         <load_address>0x879</load_address>
         <run_address>0x879</run_address>
         <size>0x24</size>
         <input_file_ref idref="fl-47"/>
      </object_component>
      <object_component id="oc-ec">
         <name>.debug_abbrev</name>
         <load_address>0x89d</load_address>
         <run_address>0x89d</run_address>
         <size>0x24</size>
         <input_file_ref idref="fl-47"/>
      </object_component>
      <object_component id="oc-19b">
         <name>.debug_abbrev</name>
         <load_address>0x8c1</load_address>
         <run_address>0x8c1</run_address>
         <size>0xf</size>
      </object_component>
      <object_component id="oc-e8">
         <name>.debug_str</name>
         <load_address>0x0</load_address>
         <run_address>0x0</run_address>
         <size>0xf7</size>
         <input_file_ref idref="fl-31"/>
      </object_component>
      <object_component id="oc-13a">
         <name>.debug_str</name>
         <load_address>0xf7</load_address>
         <run_address>0xf7</run_address>
         <size>0xc5</size>
         <input_file_ref idref="fl-46"/>
      </object_component>
      <object_component id="oc-12f">
         <name>.debug_str</name>
         <load_address>0x1bc</load_address>
         <run_address>0x1bc</run_address>
         <size>0xf4</size>
         <input_file_ref idref="fl-47"/>
      </object_component>
      <object_component id="oc-f5">
         <name>.debug_str</name>
         <load_address>0x2b0</load_address>
         <run_address>0x2b0</run_address>
         <size>0x226</size>
         <input_file_ref idref="fl-47"/>
      </object_component>
      <object_component id="oc-92">
         <name>.debug_str</name>
         <load_address>0x4d6</load_address>
         <run_address>0x4d6</run_address>
         <size>0xd1</size>
         <input_file_ref idref="fl-47"/>
      </object_component>
      <object_component id="oc-ee">
         <name>.debug_str</name>
         <load_address>0x5a7</load_address>
         <run_address>0x5a7</run_address>
         <size>0xec</size>
         <input_file_ref idref="fl-47"/>
      </object_component>
      <object_component id="oc-62">
         <name>.debug_aranges</name>
         <load_address>0x0</load_address>
         <run_address>0x0</run_address>
         <size>0x20</size>
         <input_file_ref idref="fl-32"/>
      </object_component>
      <object_component id="oc-f9">
         <name>.debug_aranges</name>
         <load_address>0x20</load_address>
         <run_address>0x20</run_address>
         <size>0x20</size>
         <input_file_ref idref="fl-36"/>
      </object_component>
      <object_component id="oc-d8">
         <name>.debug_aranges</name>
         <load_address>0x40</load_address>
         <run_address>0x40</run_address>
         <size>0x20</size>
         <input_file_ref idref="fl-37"/>
      </object_component>
      <object_component id="oc-9f">
         <name>.debug_aranges</name>
         <load_address>0x60</load_address>
         <run_address>0x60</run_address>
         <size>0x20</size>
         <input_file_ref idref="fl-3f"/>
      </object_component>
      <object_component id="oc-155">
         <name>.debug_aranges</name>
         <load_address>0x80</load_address>
         <run_address>0x80</run_address>
         <size>0x20</size>
         <input_file_ref idref="fl-40"/>
      </object_component>
      <object_component id="oc-b6">
         <name>.debug_aranges</name>
         <load_address>0xa0</load_address>
         <run_address>0xa0</run_address>
         <size>0x20</size>
         <input_file_ref idref="fl-46"/>
      </object_component>
      <object_component id="oc-a9">
         <name>.debug_aranges</name>
         <load_address>0xc0</load_address>
         <run_address>0xc0</run_address>
         <size>0x20</size>
         <input_file_ref idref="fl-47"/>
      </object_component>
      <object_component id="oc-11d">
         <name>.debug_aranges</name>
         <load_address>0xe0</load_address>
         <run_address>0xe0</run_address>
         <size>0x20</size>
         <input_file_ref idref="fl-47"/>
      </object_component>
      <object_component id="oc-126">
         <name>.debug_aranges</name>
         <load_address>0x100</load_address>
         <run_address>0x100</run_address>
         <size>0x20</size>
         <input_file_ref idref="fl-47"/>
      </object_component>
      <object_component id="oc-d0">
         <name>.debug_aranges</name>
         <load_address>0x120</load_address>
         <run_address>0x120</run_address>
         <size>0x20</size>
         <input_file_ref idref="fl-47"/>
      </object_component>
      <object_component id="oc-a3">
         <name>.debug_aranges</name>
         <load_address>0x140</load_address>
         <run_address>0x140</run_address>
         <size>0x20</size>
         <input_file_ref idref="fl-47"/>
      </object_component>
      <object_component id="oc-b0">
         <name>.debug_aranges</name>
         <load_address>0x160</load_address>
         <run_address>0x160</run_address>
         <size>0x20</size>
         <input_file_ref idref="fl-47"/>
      </object_component>
      <object_component id="oc-43">
         <name>.debug_aranges</name>
         <load_address>0x180</load_address>
         <run_address>0x180</run_address>
         <size>0x20</size>
         <input_file_ref idref="fl-47"/>
      </object_component>
      <object_component id="oc-97">
         <name>.debug_aranges</name>
         <load_address>0x1a0</load_address>
         <run_address>0x1a0</run_address>
         <size>0x20</size>
         <input_file_ref idref="fl-47"/>
      </object_component>
      <object_component id="oc-34">
         <name>.debug_aranges</name>
         <load_address>0x1c0</load_address>
         <run_address>0x1c0</run_address>
         <size>0x20</size>
         <input_file_ref idref="fl-47"/>
      </object_component>
      <object_component id="oc-89">
         <name>.debug_aranges</name>
         <load_address>0x1e0</load_address>
         <run_address>0x1e0</run_address>
         <size>0x20</size>
         <input_file_ref idref="fl-47"/>
      </object_component>
      <object_component id="oc-2e">
         <name>.debug_aranges</name>
         <load_address>0x200</load_address>
         <run_address>0x200</run_address>
         <size>0x20</size>
         <input_file_ref idref="fl-47"/>
      </object_component>
      <object_component id="oc-85">
         <name>.debug_pubnames</name>
         <load_address>0x0</load_address>
         <run_address>0x0</run_address>
         <size>0x1d</size>
         <input_file_ref idref="fl-31"/>
      </object_component>
      <object_component id="oc-63">
         <name>.debug_pubnames</name>
         <load_address>0x1d</load_address>
         <run_address>0x1d</run_address>
         <size>0x2d</size>
         <input_file_ref idref="fl-32"/>
      </object_component>
      <object_component id="oc-fa">
         <name>.debug_pubnames</name>
         <load_address>0x4a</load_address>
         <run_address>0x4a</run_address>
         <size>0x2b</size>
         <input_file_ref idref="fl-36"/>
      </object_component>
      <object_component id="oc-da">
         <name>.debug_pubnames</name>
         <load_address>0x75</load_address>
         <run_address>0x75</run_address>
         <size>0x1c</size>
         <input_file_ref idref="fl-37"/>
      </object_component>
      <object_component id="oc-9e">
         <name>.debug_pubnames</name>
         <load_address>0x91</load_address>
         <run_address>0x91</run_address>
         <size>0x2b</size>
         <input_file_ref idref="fl-3f"/>
      </object_component>
      <object_component id="oc-156">
         <name>.debug_pubnames</name>
         <load_address>0xbc</load_address>
         <run_address>0xbc</run_address>
         <size>0x24</size>
         <input_file_ref idref="fl-40"/>
      </object_component>
      <object_component id="oc-b7">
         <name>.debug_pubnames</name>
         <load_address>0xe0</load_address>
         <run_address>0xe0</run_address>
         <size>0x21</size>
         <input_file_ref idref="fl-46"/>
      </object_component>
      <object_component id="oc-94">
         <name>.debug_pubnames</name>
         <load_address>0x101</load_address>
         <run_address>0x101</run_address>
         <size>0x3a</size>
         <input_file_ref idref="fl-47"/>
      </object_component>
      <object_component id="oc-103">
         <name>.debug_pubnames</name>
         <load_address>0x13b</load_address>
         <run_address>0x13b</run_address>
         <size>0x20</size>
         <input_file_ref idref="fl-47"/>
      </object_component>
      <object_component id="oc-aa">
         <name>.debug_pubnames</name>
         <load_address>0x15b</load_address>
         <run_address>0x15b</run_address>
         <size>0x22</size>
         <input_file_ref idref="fl-47"/>
      </object_component>
      <object_component id="oc-11e">
         <name>.debug_pubnames</name>
         <load_address>0x17d</load_address>
         <run_address>0x17d</run_address>
         <size>0x1b</size>
         <input_file_ref idref="fl-47"/>
      </object_component>
      <object_component id="oc-127">
         <name>.debug_pubnames</name>
         <load_address>0x198</load_address>
         <run_address>0x198</run_address>
         <size>0x1f</size>
         <input_file_ref idref="fl-47"/>
      </object_component>
      <object_component id="oc-d1">
         <name>.debug_pubnames</name>
         <load_address>0x1b7</load_address>
         <run_address>0x1b7</run_address>
         <size>0x1b</size>
         <input_file_ref idref="fl-47"/>
      </object_component>
      <object_component id="oc-a4">
         <name>.debug_pubnames</name>
         <load_address>0x1d2</load_address>
         <run_address>0x1d2</run_address>
         <size>0x1f</size>
         <input_file_ref idref="fl-47"/>
      </object_component>
      <object_component id="oc-b1">
         <name>.debug_pubnames</name>
         <load_address>0x1f1</load_address>
         <run_address>0x1f1</run_address>
         <size>0x27</size>
         <input_file_ref idref="fl-47"/>
      </object_component>
      <object_component id="oc-44">
         <name>.debug_pubnames</name>
         <load_address>0x218</load_address>
         <run_address>0x218</run_address>
         <size>0x25</size>
         <input_file_ref idref="fl-47"/>
      </object_component>
      <object_component id="oc-98">
         <name>.debug_pubnames</name>
         <load_address>0x23d</load_address>
         <run_address>0x23d</run_address>
         <size>0x2f</size>
         <input_file_ref idref="fl-47"/>
      </object_component>
      <object_component id="oc-35">
         <name>.debug_pubnames</name>
         <load_address>0x26c</load_address>
         <run_address>0x26c</run_address>
         <size>0x2c</size>
         <input_file_ref idref="fl-47"/>
      </object_component>
      <object_component id="oc-8a">
         <name>.debug_pubnames</name>
         <load_address>0x298</load_address>
         <run_address>0x298</run_address>
         <size>0x1d</size>
         <input_file_ref idref="fl-47"/>
      </object_component>
      <object_component id="oc-2f">
         <name>.debug_pubnames</name>
         <load_address>0x2b5</load_address>
         <run_address>0x2b5</run_address>
         <size>0x2b</size>
         <input_file_ref idref="fl-47"/>
      </object_component>
      <object_component id="oc-e5">
         <name>.debug_pubtypes</name>
         <load_address>0x0</load_address>
         <run_address>0x0</run_address>
         <size>0xed</size>
         <input_file_ref idref="fl-31"/>
      </object_component>
      <object_component id="oc-137">
         <name>.debug_pubtypes</name>
         <load_address>0xed</load_address>
         <run_address>0xed</run_address>
         <size>0x32</size>
         <input_file_ref idref="fl-46"/>
      </object_component>
      <object_component id="oc-12c">
         <name>.debug_pubtypes</name>
         <load_address>0x11f</load_address>
         <run_address>0x11f</run_address>
         <size>0x32</size>
         <input_file_ref idref="fl-47"/>
      </object_component>
      <object_component id="oc-f2">
         <name>.debug_pubtypes</name>
         <load_address>0x151</load_address>
         <run_address>0x151</run_address>
         <size>0x1c6</size>
         <input_file_ref idref="fl-47"/>
      </object_component>
      <object_component id="oc-8f">
         <name>.debug_pubtypes</name>
         <load_address>0x317</load_address>
         <run_address>0x317</run_address>
         <size>0x48</size>
         <input_file_ref idref="fl-47"/>
      </object_component>
      <object_component id="oc-eb">
         <name>.debug_pubtypes</name>
         <load_address>0x35f</load_address>
         <run_address>0x35f</run_address>
         <size>0x1d</size>
         <input_file_ref idref="fl-47"/>
      </object_component>
   </object_component_list>
   <logical_group_list>
      <logical_group id="lg-4" display="no" color="cyan">
         <name>.sysmem</name>
         <run_address>0x0</run_address>
         <size>0x0</size>
         <contents>
         </contents>
      </logical_group>
      <logical_group id="lg-5" display="no" color="cyan">
         <name>.stack</name>
         <run_address>0x2b0</run_address>
         <size>0x50</size>
         <contents>
            <object_component_ref idref="oc-83"/>
            <object_component_ref idref="oc-199"/>
         </contents>
      </logical_group>
      <logical_group id="lg-6" display="no" color="cyan">
         <name>.text</name>
         <load_address>0xe000</load_address>
         <run_address>0xe000</run_address>
         <size>0x558</size>
         <contents>
            <object_component_ref idref="oc-ce"/>
            <object_component_ref idref="oc-a7"/>
            <object_component_ref idref="oc-124"/>
            <object_component_ref idref="oc-95"/>
            <object_component_ref idref="oc-b4"/>
            <object_component_ref idref="oc-153"/>
            <object_component_ref idref="oc-a1"/>
            <object_component_ref idref="oc-11b"/>
            <object_component_ref idref="oc-5f"/>
            <object_component_ref idref="oc-41"/>
            <object_component_ref idref="oc-2c"/>
            <object_component_ref idref="oc-87"/>
            <object_component_ref idref="oc-f6"/>
            <object_component_ref idref="oc-9c"/>
            <object_component_ref idref="oc-32"/>
            <object_component_ref idref="oc-ae"/>
            <object_component_ref idref="oc-d6"/>
         </contents>
      </logical_group>
      <logical_group id="lg-7" display="no" color="cyan">
         <name>.cinit</name>
         <load_address>0xe558</load_address>
         <run_address>0xe558</run_address>
         <size>0x18</size>
         <contents>
            <object_component_ref idref="oc-198"/>
            <object_component_ref idref="oc-195"/>
            <object_component_ref idref="oc-197"/>
            <object_component_ref idref="oc-196"/>
         </contents>
      </logical_group>
      <logical_group id="lg-8" display="no" color="cyan">
         <name>.const</name>
         <run_address>0x0</run_address>
         <size>0x0</size>
         <contents>
         </contents>
      </logical_group>
      <logical_group id="lg-9" display="no" color="cyan">
         <name>.cio</name>
         <run_address>0x0</run_address>
         <size>0x0</size>
         <contents>
         </contents>
      </logical_group>
      <logical_group id="lg-a" display="no" color="cyan">
         <name>.pinit</name>
         <run_address>0x0</run_address>
         <size>0x0</size>
         <contents>
         </contents>
      </logical_group>
      <logical_group id="lg-b" display="no" color="cyan">
         <name>.init_array</name>
         <run_address>0x0</run_address>
         <size>0x0</size>
         <contents>
         </contents>
      </logical_group>
      <logical_group id="lg-c" display="no" color="cyan">
         <name>.mspabi.exidx</name>
         <run_address>0x0</run_address>
         <size>0x0</size>
         <contents>
         </contents>
      </logical_group>
      <logical_group id="lg-d" display="no" color="cyan">
         <name>.mspabi.extab</name>
         <run_address>0x0</run_address>
         <size>0x0</size>
         <contents>
         </contents>
      </logical_group>
      <logical_group id="lg-e" display="no" color="cyan">
         <name>.infoA</name>
         <run_address>0x0</run_address>
         <size>0x0</size>
         <contents>
         </contents>
      </logical_group>
      <logical_group id="lg-f" display="no" color="cyan">
         <name>.infoB</name>
         <run_address>0x0</run_address>
         <size>0x0</size>
         <contents>
         </contents>
      </logical_group>
      <logical_group id="lg-10" display="no" color="cyan">
         <name>.infoC</name>
         <run_address>0x0</run_address>
         <size>0x0</size>
         <contents>
         </contents>
      </logical_group>
      <logical_group id="lg-11" display="no" color="cyan">
         <name>.infoD</name>
         <run_address>0x0</run_address>
         <size>0x0</size>
         <contents>
         </contents>
      </logical_group>
      <logical_group id="lg-12" display="no" color="cyan">
         <name>.int00</name>
         <run_address>0x0</run_address>
         <size>0x0</size>
         <contents>
         </contents>
      </logical_group>
      <logical_group id="lg-13" display="no" color="cyan">
         <name>.int01</name>
         <run_address>0x0</run_address>
         <size>0x0</size>
         <contents>
         </contents>
      </logical_group>
      <logical_group id="lg-14" display="no" color="cyan">
         <name>PORT1</name>
         <load_address>0xffe4</load_address>
         <run_address>0xffe4</run_address>
         <size>0x2</size>
         <contents>
            <object_component_ref idref="oc-38"/>
         </contents>
      </logical_group>
      <logical_group id="lg-16" display="no" color="cyan">
         <name>PORT2</name>
         <load_address>0xffe6</load_address>
         <run_address>0xffe6</run_address>
         <size>0x2</size>
         <contents>
            <object_component_ref idref="oc-39"/>
         </contents>
      </logical_group>
      <logical_group id="lg-18" display="no" color="cyan">
         <name>USI</name>
         <load_address>0xffe8</load_address>
         <run_address>0xffe8</run_address>
         <size>0x2</size>
         <contents>
            <object_component_ref idref="oc-3a"/>
         </contents>
      </logical_group>
      <logical_group id="lg-1a" display="no" color="cyan">
         <name>ADC10</name>
         <load_address>0xffea</load_address>
         <run_address>0xffea</run_address>
         <size>0x2</size>
         <contents>
            <object_component_ref idref="oc-3b"/>
         </contents>
      </logical_group>
      <logical_group id="lg-1c" display="no" color="cyan">
         <name>.int06</name>
         <run_address>0x0</run_address>
         <size>0x0</size>
         <contents>
         </contents>
      </logical_group>
      <logical_group id="lg-1d" display="no" color="cyan">
         <name>.int07</name>
         <run_address>0x0</run_address>
         <size>0x0</size>
         <contents>
         </contents>
      </logical_group>
      <logical_group id="lg-1e" display="no" color="cyan">
         <name>TIMER0_A1</name>
         <load_address>0xfff0</load_address>
         <run_address>0xfff0</run_address>
         <size>0x2</size>
         <contents>
            <object_component_ref idref="oc-3c"/>
         </contents>
      </logical_group>
      <logical_group id="lg-20" display="no" color="cyan">
         <name>TIMER0_A0</name>
         <load_address>0xfff2</load_address>
         <run_address>0xfff2</run_address>
         <size>0x2</size>
         <contents>
            <object_component_ref idref="oc-3d"/>
         </contents>
      </logical_group>
      <logical_group id="lg-22" display="no" color="cyan">
         <name>WDT</name>
         <load_address>0xfff4</load_address>
         <run_address>0xfff4</run_address>
         <size>0x2</size>
         <contents>
            <object_component_ref idref="oc-3e"/>
         </contents>
      </logical_group>
      <logical_group id="lg-24" display="no" color="cyan">
         <name>COMPARATORA</name>
         <load_address>0xfff6</load_address>
         <run_address>0xfff6</run_address>
         <size>0x2</size>
         <contents>
            <object_component_ref idref="oc-3f"/>
         </contents>
      </logical_group>
      <logical_group id="lg-26" display="no" color="cyan">
         <name>.int12</name>
         <run_address>0x0</run_address>
         <size>0x0</size>
         <contents>
         </contents>
      </logical_group>
      <logical_group id="lg-27" display="no" color="cyan">
         <name>.int13</name>
         <run_address>0x0</run_address>
         <size>0x0</size>
         <contents>
         </contents>
      </logical_group>
      <logical_group id="lg-28" display="no" color="cyan">
         <name>NMI</name>
         <load_address>0xfffc</load_address>
         <run_address>0xfffc</run_address>
         <size>0x2</size>
         <contents>
            <object_component_ref idref="oc-40"/>
         </contents>
      </logical_group>
      <logical_group id="lg-2a" display="no" color="cyan">
         <name>.reset</name>
         <load_address>0xfffe</load_address>
         <run_address>0xfffe</run_address>
         <size>0x2</size>
         <contents>
            <object_component_ref idref="oc-86"/>
         </contents>
      </logical_group>
      <logical_group id="lg-160" display="no" color="cyan">
         <name>.TI.noinit</name>
         <run_address>0x200</run_address>
         <size>0x0</size>
         <contents>
         </contents>
      </logical_group>
      <logical_group id="lg-2" display="no" color="cyan">
         <name>.bss</name>
         <run_address>0x200</run_address>
         <size>0x24</size>
         <contents>
            <object_component_ref idref="oc-159"/>
            <object_component_ref idref="oc-121"/>
            <object_component_ref idref="oc-11a"/>
            <object_component_ref idref="oc-123"/>
            <object_component_ref idref="oc-122"/>
            <object_component_ref idref="oc-104"/>
            <object_component_ref idref="oc-100"/>
            <object_component_ref idref="oc-fd"/>
            <object_component_ref idref="oc-fe"/>
         </contents>
      </logical_group>
      <logical_group id="lg-15f" display="no" color="cyan">
         <name>BSS_GROUP</name>
         <run_address>0x200</run_address>
         <size>0x24</size>
         <contents>
            <logical_group_ref idref="lg-160"/>
            <logical_group_ref idref="lg-2"/>
         </contents>
      </logical_group>
      <logical_group id="lg-162" display="no" color="cyan">
         <name>.TI.persistent</name>
         <run_address>0x224</run_address>
         <size>0x0</size>
         <contents>
         </contents>
      </logical_group>
      <logical_group id="lg-3" display="no" color="cyan">
         <name>.data</name>
         <run_address>0x224</run_address>
         <size>0x2</size>
         <contents>
            <object_component_ref idref="oc-101"/>
         </contents>
      </logical_group>
      <logical_group id="lg-161" display="no" color="cyan">
         <name>DATA_GROUP</name>
         <load_address>0x224</load_address>
         <run_address>0x224</run_address>
         <size>0x2</size>
         <contents>
            <logical_group_ref idref="lg-162"/>
            <logical_group_ref idref="lg-3"/>
         </contents>
      </logical_group>
      <logical_group id="lg-185" display="never" color="cyan">
         <name>.debug_info</name>
         <load_address>0x0</load_address>
         <run_address>0x0</run_address>
         <size>0x23ff</size>
         <contents>
            <object_component_ref idref="oc-84"/>
            <object_component_ref idref="oc-e4"/>
            <object_component_ref idref="oc-61"/>
            <object_component_ref idref="oc-f8"/>
            <object_component_ref idref="oc-d9"/>
            <object_component_ref idref="oc-9d"/>
            <object_component_ref idref="oc-154"/>
            <object_component_ref idref="oc-108"/>
            <object_component_ref idref="oc-b5"/>
            <object_component_ref idref="oc-136"/>
            <object_component_ref idref="oc-93"/>
            <object_component_ref idref="oc-102"/>
            <object_component_ref idref="oc-a8"/>
            <object_component_ref idref="oc-11c"/>
            <object_component_ref idref="oc-125"/>
            <object_component_ref idref="oc-cf"/>
            <object_component_ref idref="oc-a2"/>
            <object_component_ref idref="oc-af"/>
            <object_component_ref idref="oc-42"/>
            <object_component_ref idref="oc-96"/>
            <object_component_ref idref="oc-33"/>
            <object_component_ref idref="oc-88"/>
            <object_component_ref idref="oc-2d"/>
            <object_component_ref idref="oc-12b"/>
            <object_component_ref idref="oc-f1"/>
            <object_component_ref idref="oc-8e"/>
            <object_component_ref idref="oc-ea"/>
            <object_component_ref idref="oc-19a"/>
         </contents>
      </logical_group>
      <logical_group id="lg-187" display="never" color="cyan">
         <name>.debug_line</name>
         <load_address>0x0</load_address>
         <run_address>0x0</run_address>
         <size>0x9c7</size>
         <contents>
            <object_component_ref idref="oc-e3"/>
            <object_component_ref idref="oc-e7"/>
            <object_component_ref idref="oc-60"/>
            <object_component_ref idref="oc-f7"/>
            <object_component_ref idref="oc-d7"/>
            <object_component_ref idref="oc-a0"/>
            <object_component_ref idref="oc-157"/>
            <object_component_ref idref="oc-135"/>
            <object_component_ref idref="oc-b8"/>
            <object_component_ref idref="oc-139"/>
            <object_component_ref idref="oc-f0"/>
            <object_component_ref idref="oc-133"/>
            <object_component_ref idref="oc-ab"/>
            <object_component_ref idref="oc-11f"/>
            <object_component_ref idref="oc-129"/>
            <object_component_ref idref="oc-d3"/>
            <object_component_ref idref="oc-a6"/>
            <object_component_ref idref="oc-b2"/>
            <object_component_ref idref="oc-46"/>
            <object_component_ref idref="oc-99"/>
            <object_component_ref idref="oc-36"/>
            <object_component_ref idref="oc-8c"/>
            <object_component_ref idref="oc-31"/>
            <object_component_ref idref="oc-12e"/>
            <object_component_ref idref="oc-f4"/>
            <object_component_ref idref="oc-91"/>
            <object_component_ref idref="oc-ed"/>
         </contents>
      </logical_group>
      <logical_group id="lg-189" display="never" color="cyan">
         <name>.debug_frame</name>
         <load_address>0x0</load_address>
         <run_address>0x0</run_address>
         <size>0x430</size>
         <contents>
            <object_component_ref idref="oc-64"/>
            <object_component_ref idref="oc-db"/>
            <object_component_ref idref="oc-b9"/>
            <object_component_ref idref="oc-ac"/>
            <object_component_ref idref="oc-120"/>
            <object_component_ref idref="oc-128"/>
            <object_component_ref idref="oc-d2"/>
            <object_component_ref idref="oc-a5"/>
            <object_component_ref idref="oc-b3"/>
            <object_component_ref idref="oc-45"/>
            <object_component_ref idref="oc-9a"/>
            <object_component_ref idref="oc-37"/>
            <object_component_ref idref="oc-8b"/>
            <object_component_ref idref="oc-30"/>
         </contents>
      </logical_group>
      <logical_group id="lg-18b" display="never" color="cyan">
         <name>.debug_abbrev</name>
         <load_address>0x0</load_address>
         <run_address>0x0</run_address>
         <size>0x8d0</size>
         <contents>
            <object_component_ref idref="oc-e2"/>
            <object_component_ref idref="oc-e6"/>
            <object_component_ref idref="oc-dc"/>
            <object_component_ref idref="oc-131"/>
            <object_component_ref idref="oc-130"/>
            <object_component_ref idref="oc-fc"/>
            <object_component_ref idref="oc-15e"/>
            <object_component_ref idref="oc-134"/>
            <object_component_ref idref="oc-107"/>
            <object_component_ref idref="oc-138"/>
            <object_component_ref idref="oc-ef"/>
            <object_component_ref idref="oc-132"/>
            <object_component_ref idref="oc-105"/>
            <object_component_ref idref="oc-158"/>
            <object_component_ref idref="oc-15a"/>
            <object_component_ref idref="oc-12a"/>
            <object_component_ref idref="oc-ff"/>
            <object_component_ref idref="oc-106"/>
            <object_component_ref idref="oc-ad"/>
            <object_component_ref idref="oc-fb"/>
            <object_component_ref idref="oc-9b"/>
            <object_component_ref idref="oc-e9"/>
            <object_component_ref idref="oc-8d"/>
            <object_component_ref idref="oc-12d"/>
            <object_component_ref idref="oc-f3"/>
            <object_component_ref idref="oc-90"/>
            <object_component_ref idref="oc-ec"/>
            <object_component_ref idref="oc-19b"/>
         </contents>
      </logical_group>
      <logical_group id="lg-18d" display="never" color="cyan">
         <name>.debug_str</name>
         <load_address>0x0</load_address>
         <run_address>0x0</run_address>
         <size>0x693</size>
         <contents>
            <object_component_ref idref="oc-e8"/>
            <object_component_ref idref="oc-13a"/>
            <object_component_ref idref="oc-12f"/>
            <object_component_ref idref="oc-f5"/>
            <object_component_ref idref="oc-92"/>
            <object_component_ref idref="oc-ee"/>
         </contents>
      </logical_group>
      <logical_group id="lg-18f" display="never" color="cyan">
         <name>.debug_aranges</name>
         <load_address>0x0</load_address>
         <run_address>0x0</run_address>
         <size>0x220</size>
         <contents>
            <object_component_ref idref="oc-62"/>
            <object_component_ref idref="oc-f9"/>
            <object_component_ref idref="oc-d8"/>
            <object_component_ref idref="oc-9f"/>
            <object_component_ref idref="oc-155"/>
            <object_component_ref idref="oc-b6"/>
            <object_component_ref idref="oc-a9"/>
            <object_component_ref idref="oc-11d"/>
            <object_component_ref idref="oc-126"/>
            <object_component_ref idref="oc-d0"/>
            <object_component_ref idref="oc-a3"/>
            <object_component_ref idref="oc-b0"/>
            <object_component_ref idref="oc-43"/>
            <object_component_ref idref="oc-97"/>
            <object_component_ref idref="oc-34"/>
            <object_component_ref idref="oc-89"/>
            <object_component_ref idref="oc-2e"/>
         </contents>
      </logical_group>
      <logical_group id="lg-191" display="never" color="cyan">
         <name>.debug_pubnames</name>
         <load_address>0x0</load_address>
         <run_address>0x0</run_address>
         <size>0x2e0</size>
         <contents>
            <object_component_ref idref="oc-85"/>
            <object_component_ref idref="oc-63"/>
            <object_component_ref idref="oc-fa"/>
            <object_component_ref idref="oc-da"/>
            <object_component_ref idref="oc-9e"/>
            <object_component_ref idref="oc-156"/>
            <object_component_ref idref="oc-b7"/>
            <object_component_ref idref="oc-94"/>
            <object_component_ref idref="oc-103"/>
            <object_component_ref idref="oc-aa"/>
            <object_component_ref idref="oc-11e"/>
            <object_component_ref idref="oc-127"/>
            <object_component_ref idref="oc-d1"/>
            <object_component_ref idref="oc-a4"/>
            <object_component_ref idref="oc-b1"/>
            <object_component_ref idref="oc-44"/>
            <object_component_ref idref="oc-98"/>
            <object_component_ref idref="oc-35"/>
            <object_component_ref idref="oc-8a"/>
            <object_component_ref idref="oc-2f"/>
         </contents>
      </logical_group>
      <logical_group id="lg-193" display="never" color="cyan">
         <name>.debug_pubtypes</name>
         <load_address>0x0</load_address>
         <run_address>0x0</run_address>
         <size>0x37c</size>
         <contents>
            <object_component_ref idref="oc-e5"/>
            <object_component_ref idref="oc-137"/>
            <object_component_ref idref="oc-12c"/>
            <object_component_ref idref="oc-f2"/>
            <object_component_ref idref="oc-8f"/>
            <object_component_ref idref="oc-eb"/>
         </contents>
      </logical_group>
      <load_segment id="lg-19c" display="no" color="cyan">
         <name>SEGMENT_0</name>
         <run_address>0x200</run_address>
         <size>0x26</size>
         <flags>0x6</flags>
         <contents>
            <logical_group_ref idref="lg-2"/>
            <logical_group_ref idref="lg-3"/>
         </contents>
      </load_segment>
      <load_segment id="lg-19d" display="no" color="cyan">
         <name>SEGMENT_1</name>
         <run_address>0x2b0</run_address>
         <size>0x50</size>
         <flags>0x6</flags>
         <contents>
            <logical_group_ref idref="lg-5"/>
         </contents>
      </load_segment>
      <load_segment id="lg-19e" display="no" color="cyan">
         <name>SEGMENT_2</name>
         <load_address>0xe000</load_address>
         <run_address>0xe000</run_address>
         <size>0x570</size>
         <flags>0x5</flags>
         <contents>
            <logical_group_ref idref="lg-6"/>
            <logical_group_ref idref="lg-7"/>
         </contents>
      </load_segment>
      <load_segment id="lg-19f" display="no" color="cyan">
         <name>SEGMENT_3</name>
         <load_address>0xffe4</load_address>
         <run_address>0xffe4</run_address>
         <size>0x8</size>
         <flags>0x4</flags>
         <contents>
            <logical_group_ref idref="lg-14"/>
            <logical_group_ref idref="lg-16"/>
            <logical_group_ref idref="lg-18"/>
            <logical_group_ref idref="lg-1a"/>
         </contents>
      </load_segment>
      <load_segment id="lg-1a0" display="no" color="cyan">
         <name>SEGMENT_4</name>
         <load_address>0xfff0</load_address>
         <run_address>0xfff0</run_address>
         <size>0x8</size>
         <flags>0x4</flags>
         <contents>
            <logical_group_ref idref="lg-1e"/>
            <logical_group_ref idref="lg-20"/>
            <logical_group_ref idref="lg-22"/>
            <logical_group_ref idref="lg-24"/>
         </contents>
      </load_segment>
      <load_segment id="lg-1a1" display="no" color="cyan">
         <name>SEGMENT_5</name>
         <load_address>0xfffc</load_address>
         <run_address>0xfffc</run_address>
         <size>0x4</size>
         <flags>0x4</flags>
         <contents>
            <logical_group_ref idref="lg-28"/>
            <logical_group_ref idref="lg-2a"/>
         </contents>
      </load_segment>
   </logical_group_list>
   <placement_map>
      <memory_area display="no" color="green">
         <name>SFR</name>
         <page_id>0x0</page_id>
         <origin>0x0</origin>
         <length>0x10</length>
         <used_space>0x0</used_space>
         <unused_space>0x10</unused_space>
         <attributes>RWIX</attributes>
         <usage_details>
         </usage_details>
      </memory_area>
      <memory_area display="yes" color="green">
         <name>PERIPHERALS_8BIT</name>
         <page_id>0x0</page_id>
         <origin>0x10</origin>
         <length>0xf0</length>
         <used_space>0x0</used_space>
         <unused_space>0xf0</unused_space>
         <attributes>RWIX</attributes>
         <usage_details>
         </usage_details>
      </memory_area>
      <memory_area display="yes" color="green">
         <name>PERIPHERALS_16BIT</name>
         <page_id>0x0</page_id>
         <origin>0x100</origin>
         <length>0x100</length>
         <used_space>0x0</used_space>
         <unused_space>0x100</unused_space>
         <attributes>RWIX</attributes>
         <usage_details>
         </usage_details>
      </memory_area>
      <memory_area display="yes" color="green">
         <name>RAM</name>
         <page_id>0x0</page_id>
         <origin>0x200</origin>
         <length>0x100</length>
         <used_space>0x76</used_space>
         <unused_space>0x8a</unused_space>
         <attributes>RWIX</attributes>
         <usage_details>
            <allocated_space>
               <start_address>0x200</start_address>
               <size>0x24</size>
               <logical_group_ref idref="lg-15f"/>
            </allocated_space>
            <allocated_space>
               <start_address>0x224</start_address>
               <size>0x2</size>
               <logical_group_ref idref="lg-161"/>
            </allocated_space>
            <available_space>
               <start_address>0x226</start_address>
               <size>0x8a</size>
            </available_space>
            <allocated_space>
               <start_address>0x2b0</start_address>
               <size>0x50</size>
               <logical_group_ref idref="lg-5"/>
            </allocated_space>
         </usage_details>
      </memory_area>
      <memory_area display="no" color="green">
         <name>INFOD</name>
         <page_id>0x0</page_id>
         <origin>0x1000</origin>
         <length>0x40</length>
         <used_space>0x0</used_space>
         <unused_space>0x40</unused_space>
         <attributes>RWIX</attributes>
         <usage_details>
         </usage_details>
      </memory_area>
      <memory_area display="no" color="green">
         <name>INFOC</name>
         <page_id>0x0</page_id>
         <origin>0x1040</origin>
         <length>0x40</length>
         <used_space>0x0</used_space>
         <unused_space>0x40</unused_space>
         <attributes>RWIX</attributes>
         <usage_details>
         </usage_details>
      </memory_area>
      <memory_area display="no" color="green">
         <name>INFOB</name>
         <page_id>0x0</page_id>
         <origin>0x1080</origin>
         <length>0x40</length>
         <used_space>0x0</used_space>
         <unused_space>0x40</unused_space>
         <attributes>RWIX</attributes>
         <usage_details>
         </usage_details>
      </memory_area>
      <memory_area display="no" color="green">
         <name>INFOA</name>
         <page_id>0x0</page_id>
         <origin>0x10c0</origin>
         <length>0x40</length>
         <used_space>0x0</used_space>
         <unused_space>0x40</unused_space>
         <attributes>RWIX</attributes>
         <usage_details>
         </usage_details>
      </memory_area>
      <memory_area display="yes" color="green">
         <name>FLASH</name>
         <page_id>0x0</page_id>
         <origin>0xe000</origin>
         <length>0x1fe0</length>
         <used_space>0x570</used_space>
         <unused_space>0x1a70</unused_space>
         <attributes>RWIX</attributes>
         <usage_details>
            <allocated_space>
               <start_address>0xe000</start_address>
               <size>0x558</size>
               <logical_group_ref idref="lg-6"/>
            </allocated_space>
            <allocated_space>
               <start_address>0xe558</start_address>
               <size>0x18</size>
               <logical_group_ref idref="lg-7"/>
            </allocated_space>
            <available_space>
               <start_address>0xe570</start_address>
               <size>0x1a70</size>
            </available_space>
         </usage_details>
      </memory_area>
      <memory_area display="no" color="green">
         <name>INT00</name>
         <page_id>0x0</page_id>
         <origin>0xffe0</origin>
         <length>0x2</length>
         <used_space>0x0</used_space>
         <unused_space>0x2</unused_space>
         <attributes>RWIX</attributes>
         <usage_details>
         </usage_details>
      </memory_area>
      <memory_area display="no" color="green">
         <name>INT01</name>
         <page_id>0x0</page_id>
         <origin>0xffe2</origin>
         <length>0x2</length>
         <used_space>0x0</used_space>
         <unused_space>0x2</unused_space>
         <attributes>RWIX</attributes>
         <usage_details>
         </usage_details>
      </memory_area>
      <memory_area display="no" color="green">
         <name>INT02</name>
         <page_id>0x0</page_id>
         <origin>0xffe4</origin>
         <length>0x2</length>
         <used_space>0x2</used_space>
         <unused_space>0x0</unused_space>
         <attributes>RWIX</attributes>
         <usage_details>
            <allocated_space>
               <start_address>0xffe4</start_address>
               <size>0x2</size>
               <logical_group_ref idref="lg-14"/>
            </allocated_space>
         </usage_details>
      </memory_area>
      <memory_area display="no" color="green">
[...]
         <origin>0xfff4</origin>
         <length>0x2</length>
         <used_space>0x2</used_space>
         <unused_space>0x0</unused_space>
         <attributes>RWIX</attributes>
         <usage_details>
            <allocated_space>
               <start_address>0xfff4</start_address>
               <size>0x2</size>
               <logical_group_ref idref="lg-22"/>
            </allocated_space>
         </usage_details>
      </memory_area>
      <memory_area display="no" color="green">
         <name>INT11</name>
         <page_id>0x0</page_id>
         <origin>0xfff6</origin>
         <length>0x2</length>
         <used_space>0x2</used_space>
         <unused_space>0x0</unused_space>
         <attributes>RWIX</attributes>
         <usage_details>
            <allocated_space>
               <start_address>0xfff6</start_address>
               <size>0x2</size>
               <logical_group_ref idref="lg-24"/>
            </allocated_space>
         </usage_details>
      </memory_area>
      <memory_area display="no" color="green">
         <name>INT12</name>
         <page_id>0x0</page_id>
         <origin>0xfff8</origin>
         <length>0x2</length>
         <used_space>0x0</used_space>
         <unused_space>0x2</unused_space>
         <attributes>RWIX</attributes>
         <usage_details>
         </usage_details>
      </memory_area>
      <memory_area display="no" color="green">
         <name>INT13</name>
         <page_id>0x0</page_id>
         <origin>0xfffa</origin>
         <length>0x2</length>
         <used_space>0x0</used_space>
         <unused_space>0x2</unused_space>
         <attributes>RWIX</attributes>
         <usage_details>
         </usage_details>
      </memory_area>
      <memory_area display="no" color="green">
         <name>INT14</name>
         <page_id>0x0</page_id>
         <origin>0xfffc</origin>
         <length>0x2</length>
         <used_space>0x2</used_space>
         <unused_space>0x0</unused_space>
         <attributes>RWIX</attributes>
         <usage_details>
            <allocated_space>
               <start_address>0xfffc</start_address>
               <size>0x2</size>
               <logical_group_ref idref="lg-28"/>
            </allocated_space>
         </usage_details>
      </memory_area>
      <memory_area display="no" color="green">
         <name>RESET</name>
         <page_id>0x0</page_id>
         <origin>0xfffe</origin>
         <length>0x2</length>
         <used_space>0x2</used_space>
         <unused_space>0x0</unused_space>
         <attributes>RWIX</attributes>
         <usage_details>
            <allocated_space>
               <start_address>0xfffe</start_address>
               <size>0x2</size>
               <logical_group_ref idref="lg-2a"/>
            </allocated_space>
         </usage_details>
      </memory_area>
   </placement_map>
   <cptbl_list>
      <cptbl>
         <name>__TI_cinit_table</name>
         <cprec>
            <name>.data</name>
            <load_address>0xe558</load_address>
            <load_size>0x6</load_size>
            <run_address>0x224</run_address>
            <run_size>0x2</run_size>
            <compression>copy</compression>
         </cprec>
         <cprec>
            <name>.bss</name>
            <load_address>0xe564</load_address>
            <load_size>0x4</load_size>
            <run_address>0x200</run_address>
            <run_size>0x24</run_size>
            <compression>zero_init</compression>
         </cprec>
      </cptbl>
   </cptbl_list>
   <handler_table>
      <handler_table_name>__TI_handler_table</handler_table_name>
      <handler>
         <index>0x0</index>
         <name>__TI_zero_init</name>
      </handler>
      <handler>
         <index>0x1</index>
         <name>__TI_decompress_rle24</name>
      </handler>
      <handler>
         <index>0x2</index>
         <name>__TI_decompress_none</name>
      </handler>
   </handler_table>
   <symbol_table>
      <symbol id="sm-1">
         <name>IE1</name>
         <value>0x0</value>
      </symbol>
      <symbol id="sm-2">
         <name>IFG1</name>
         <value>0x2</value>
      </symbol>
      <symbol id="sm-3">
         <name>ADC10DTC0</name>
         <value>0x48</value>
      </symbol>
      <symbol id="sm-4">
         <name>ADC10DTC1</name>
         <value>0x49</value>
      </symbol>
      <symbol id="sm-5">
         <name>ADC10AE0</name>
         <value>0x4a</value>
      </symbol>
      <symbol id="sm-6">
         <name>ADC10CTL0</name>
         <value>0x1b0</value>
      </symbol>
      <symbol id="sm-7">
         <name>ADC10CTL1</name>
         <value>0x1b2</value>
      </symbol>
      <symbol id="sm-8">
         <name>ADC10MEM</name>
         <value>0x1b4</value>
      </symbol>
      <symbol id="sm-9">
         <name>ADC10SA</name>
         <value>0x1bc</value>
      </symbol>
      <symbol id="sm-a">
         <name>DCOCTL</name>
         <value>0x56</value>
      </symbol>
      <symbol id="sm-b">
         <name>BCSCTL1</name>
         <value>0x57</value>
      </symbol>
      <symbol id="sm-c">
         <name>BCSCTL2</name>
         <value>0x58</value>
      </symbol>
      <symbol id="sm-d">
         <name>BCSCTL3</name>
         <value>0x53</value>
      </symbol>
      <symbol id="sm-e">
         <name>CACTL1</name>
         <value>0x59</value>
      </symbol>
      <symbol id="sm-f">
         <name>CACTL2</name>
         <value>0x5a</value>
      </symbol>
      <symbol id="sm-10">
         <name>CAPD</name>
         <value>0x5b</value>
      </symbol>
      <symbol id="sm-11">
         <name>FCTL1</name>
         <value>0x128</value>
      </symbol>
      <symbol id="sm-12">
         <name>FCTL2</name>
         <value>0x12a</value>
      </symbol>
      <symbol id="sm-13">
         <name>FCTL3</name>
         <value>0x12c</value>
      </symbol>
      <symbol id="sm-14">
         <name>P1IN</name>
         <value>0x20</value>
      </symbol>
      <symbol id="sm-15">
         <name>P1OUT</name>
         <value>0x21</value>
      </symbol>
      <symbol id="sm-16">
         <name>P1DIR</name>
         <value>0x22</value>
      </symbol>
      <symbol id="sm-17">
         <name>P1IFG</name>
         <value>0x23</value>
      </symbol>
      <symbol id="sm-18">
         <name>P1IES</name>
         <value>0x24</value>
      </symbol>
      <symbol id="sm-19">
         <name>P1IE</name>
         <value>0x25</value>
      </symbol>
      <symbol id="sm-1a">
         <name>P1SEL</name>
         <value>0x26</value>
      </symbol>
      <symbol id="sm-1b">
         <name>P1SEL2</name>
         <value>0x41</value>
      </symbol>
      <symbol id="sm-1c">
         <name>P1REN</name>
         <value>0x27</value>
      </symbol>
      <symbol id="sm-1d">
         <name>P2IN</name>
         <value>0x28</value>
      </symbol>
      <symbol id="sm-1e">
         <name>P2OUT</name>
         <value>0x29</value>
      </symbol>
      <symbol id="sm-1f">
         <name>P2DIR</name>
         <value>0x2a</value>
      </symbol>
      <symbol id="sm-20">
         <name>P2IFG</name>
         <value>0x2b</value>
      </symbol>
      <symbol id="sm-21">
         <name>P2IES</name>
         <value>0x2c</value>
      </symbol>
      <symbol id="sm-22">
         <name>P2IE</name>
         <value>0x2d</value>
      </symbol>
      <symbol id="sm-23">
         <name>P2SEL</name>
         <value>0x2e</value>
      </symbol>
      <symbol id="sm-24">
         <name>P2SEL2</name>
         <value>0x42</value>
      </symbol>
      <symbol id="sm-25">
         <name>P2REN</name>
         <value>0x2f</value>
      </symbol>
      <symbol id="sm-26">
         <name>TA0IV</name>
         <value>0x12e</value>
      </symbol>
      <symbol id="sm-27">
         <name>TA0CTL</name>
         <value>0x160</value>
      </symbol>
      <symbol id="sm-28">
         <name>TA0CCTL0</name>
         <value>0x162</value>
      </symbol>
      <symbol id="sm-29">
         <name>TA0CCTL1</name>
         <value>0x164</value>
      </symbol>
      <symbol id="sm-2a">
         <name>TA0CCTL2</name>
         <value>0x166</value>
      </symbol>
      <symbol id="sm-2b">
         <name>TA0R</name>
         <value>0x170</value>
      </symbol>
      <symbol id="sm-2c">
         <name>TA0CCR0</name>
         <value>0x172</value>
      </symbol>
      <symbol id="sm-2d">
         <name>TA0CCR1</name>
         <value>0x174</value>
      </symbol>
      <symbol id="sm-2e">
         <name>TA0CCR2</name>
         <value>0x176</value>
      </symbol>
      <symbol id="sm-2f">
         <name>USICTL0</name>
         <value>0x78</value>
      </symbol>
      <symbol id="sm-30">
         <name>USICTL1</name>
         <value>0x79</value>
      </symbol>
      <symbol id="sm-31">
         <name>USICKCTL</name>
         <value>0x7a</value>
      </symbol>
      <symbol id="sm-32">
         <name>USICNT</name>
         <value>0x7b</value>
      </symbol>
      <symbol id="sm-33">
         <name>USISRL</name>
         <value>0x7c</value>
      </symbol>
      <symbol id="sm-34">
         <name>USISRH</name>
         <value>0x7d</value>
      </symbol>
      <symbol id="sm-35">
         <name>USICTL</name>
         <value>0x78</value>
      </symbol>
      <symbol id="sm-36">
         <name>USICCTL</name>
         <value>0x7a</value>
      </symbol>
      <symbol id="sm-37">
         <name>USISR</name>
         <value>0x7c</value>
      </symbol>
      <symbol id="sm-38">
         <name>WDTCTL</name>
         <value>0x120</value>
      </symbol>
      <symbol id="sm-39">
         <name>CALDCO_16MHZ</name>
         <value>0x10f8</value>
      </symbol>
      <symbol id="sm-3a">
         <name>CALBC1_16MHZ</name>
         <value>0x10f9</value>
      </symbol>
      <symbol id="sm-3b">
         <name>CALDCO_12MHZ</name>
         <value>0x10fa</value>
      </symbol>
      <symbol id="sm-3c">
         <name>CALBC1_12MHZ</name>
         <value>0x10fb</value>
      </symbol>
      <symbol id="sm-3d">
         <name>CALDCO_8MHZ</name>
         <value>0x10fc</value>
      </symbol>
      <symbol id="sm-3e">
         <name>CALBC1_8MHZ</name>
         <value>0x10fd</value>
      </symbol>
      <symbol id="sm-3f">
         <name>CALDCO_1MHZ</name>
         <value>0x10fe</value>
      </symbol>
      <symbol id="sm-40">
         <name>CALBC1_1MHZ</name>
         <value>0x10ff</value>
      </symbol>
      <symbol id="sm-41">
         <name>__TI_CINIT_Base</name>
         <value>0xe568</value>
      </symbol>
      <symbol id="sm-42">
         <name>__TI_CINIT_Limit</name>
         <value>0xe570</value>
      </symbol>
      <symbol id="sm-43">
         <name>__TI_Handler_Table_Base</name>
         <value>0xe55e</value>
      </symbol>
      <symbol id="sm-44">
         <name>__TI_Handler_Table_Limit</name>
         <value>0xe564</value>
      </symbol>
      <symbol id="sm-45">
         <name>binit</name>
         <value>0xffffffff</value>
      </symbol>
      <symbol id="sm-46">
         <name>__binit__</name>
         <value>0xffffffff</value>
      </symbol>
      <symbol id="sm-47">
         <name>__STACK_SIZE</name>
         <value>0x50</value>
      </symbol>
      <symbol id="sm-48">
         <name>__STACK_END</name>
         <value>0x300</value>
      </symbol>
      <symbol id="sm-49">
         <name>__c_args__</name>
         <value>0xffffffff</value>
      </symbol>
      <symbol id="sm-81">
         <name>_stack</name>
         <value>0x2b0</value>
         <object_component_ref idref="oc-83"/>
      </symbol>
      <symbol id="sm-82">
         <name>_reset_vector</name>
         <value>0xfffe</value>
         <object_component_ref idref="oc-86"/>
      </symbol>
      <symbol id="sm-8d">
         <name>_c_int00_noargs_noexit</name>
         <value>0xe4e4</value>
         <object_component_ref idref="oc-5f"/>
      </symbol>
      <symbol id="sm-96">
         <name>__mspabi_func_epilog_2</name>
         <value>0xe53e</value>
         <object_component_ref idref="oc-f6"/>
      </symbol>
      <symbol id="sm-97">
         <name>__mspabi_func_epilog_3</name>
         <value>0xe53c</value>
         <object_component_ref idref="oc-f6"/>
      </symbol>
      <symbol id="sm-98">
         <name>__mspabi_func_epilog_1</name>
         <value>0xe540</value>
         <object_component_ref idref="oc-f6"/>
      </symbol>
      <symbol id="sm-99">
         <name>__mspabi_func_epilog_6</name>
         <value>0xe536</value>
         <object_component_ref idref="oc-f6"/>
      </symbol>
      <symbol id="sm-9a">
         <name>__mspabi_func_epilog_7</name>
         <value>0xe534</value>
         <object_component_ref idref="oc-f6"/>
      </symbol>
      <symbol id="sm-9b">
         <name>__mspabi_func_epilog_4</name>
         <value>0xe53a</value>
         <object_component_ref idref="oc-f6"/>
      </symbol>
      <symbol id="sm-9c">
         <name>__mspabi_func_epilog_5</name>
         <value>0xe538</value>
         <object_component_ref idref="oc-f6"/>
      </symbol>
      <symbol id="sm-a7">
         <name>C$$EXIT</name>
         <value>0xe554</value>
         <object_component_ref idref="oc-d6"/>
      </symbol>
      <symbol id="sm-a8">
         <name>abort</name>
         <value>0xe554</value>
         <object_component_ref idref="oc-d6"/>
      </symbol>
      <symbol id="sm-ab">
         <name>__TI_int02</name>
         <value>0xffe4</value>
         <object_component_ref idref="oc-38"/>
      </symbol>
      <symbol id="sm-ae">
         <name>__TI_int03</name>
         <value>0xffe6</value>
         <object_component_ref idref="oc-39"/>
      </symbol>
      <symbol id="sm-b1">
         <name>__TI_int04</name>
         <value>0xffe8</value>
         <object_component_ref idref="oc-3a"/>
      </symbol>
      <symbol id="sm-b4">
         <name>__TI_int08</name>
         <value>0xfff0</value>
         <object_component_ref idref="oc-3c"/>
      </symbol>
      <symbol id="sm-b7">
         <name>__TI_int10</name>
         <value>0xfff4</value>
         <object_component_ref idref="oc-3e"/>
      </symbol>
      <symbol id="sm-ba">
         <name>__TI_int11</name>
         <value>0xfff6</value>
         <object_component_ref idref="oc-3f"/>
      </symbol>
      <symbol id="sm-bd">
         <name>__TI_int14</name>
         <value>0xfffc</value>
         <object_component_ref idref="oc-40"/>
      </symbol>
      <symbol id="sm-c5">
         <name>__TI_ISR_TRAP</name>
         <value>0xe544</value>
         <object_component_ref idref="oc-9c"/>
      </symbol>
      <symbol id="sm-cd">
         <name>__mspabi_srli_8</name>
         <value>0xe472</value>
         <object_component_ref idref="oc-153"/>
      </symbol>
      <symbol id="sm-ce">
         <name>__mspabi_srli_9</name>
         <value>0xe46e</value>
         <object_component_ref idref="oc-153"/>
      </symbol>
      <symbol id="sm-cf">
         <name>__mspabi_srli_6</name>
         <value>0xe47a</value>
         <object_component_ref idref="oc-153"/>
      </symbol>
      <symbol id="sm-d0">
         <name>__mspabi_srli_7</name>
         <value>0xe476</value>
         <object_component_ref idref="oc-153"/>
      </symbol>
      <symbol id="sm-d1">
         <name>__mspabi_srli_4</name>
         <value>0xe482</value>
         <object_component_ref idref="oc-153"/>
      </symbol>
      <symbol id="sm-d2">
         <name>__mspabi_srli_5</name>
         <value>0xe47e</value>
         <object_component_ref idref="oc-153"/>
      </symbol>
      <symbol id="sm-d3">
         <name>__mspabi_srli_2</name>
         <value>0xe48a</value>
         <object_component_ref idref="oc-153"/>
      </symbol>
      <symbol id="sm-d4">
         <name>__mspabi_srli_3</name>
         <value>0xe486</value>
         <object_component_ref idref="oc-153"/>
      </symbol>
      <symbol id="sm-d5">
         <name>__mspabi_srli_1</name>
         <value>0xe48e</value>
         <object_component_ref idref="oc-153"/>
      </symbol>
      <symbol id="sm-d6">
         <name>__mspabi_srli</name>
         <value>0xe448</value>
         <object_component_ref idref="oc-153"/>
      </symbol>
      <symbol id="sm-d7">
         <name>__mspabi_srli_15</name>
         <value>0xe456</value>
         <object_component_ref idref="oc-153"/>
      </symbol>
      <symbol id="sm-d8">
         <name>__mspabi_srli_14</name>
         <value>0xe45a</value>
         <object_component_ref idref="oc-153"/>
      </symbol>
      <symbol id="sm-d9">
         <name>__mspabi_srli_13</name>
         <value>0xe45e</value>
         <object_component_ref idref="oc-153"/>
      </symbol>
      <symbol id="sm-da">
         <name>__mspabi_srli_12</name>
         <value>0xe462</value>
         <object_component_ref idref="oc-153"/>
      </symbol>
      <symbol id="sm-db">
         <name>__mspabi_srli_11</name>
         <value>0xe466</value>
         <object_component_ref idref="oc-153"/>
      </symbol>
      <symbol id="sm-dc">
         <name>__mspabi_srli_10</name>
         <value>0xe46a</value>
         <object_component_ref idref="oc-153"/>
      </symbol>
      <symbol id="sm-f5">
         <name>_auto_init</name>
         <value>0xe3f0</value>
         <object_component_ref idref="oc-b4"/>
      </symbol>
      <symbol id="sm-1ae">
         <name>timer</name>
         <value>0x200</value>
      </symbol>
      <symbol id="sm-1af">
         <name>led</name>
         <value>0x216</value>
      </symbol>
      <symbol id="sm-1b0">
         <name>accBuffer</name>
         <value>0x20a</value>
      </symbol>
      <symbol id="sm-1b1">
         <name>acc</name>
         <value>0x21c</value>
      </symbol>
      <symbol id="sm-1b2">
         <name>__TI_decompress_rle24</name>
         <value>0xe54a</value>
         <object_component_ref idref="oc-32"/>
      </symbol>
      <symbol id="sm-1b3">
         <name>memcpy</name>
         <value>0xe524</value>
         <object_component_ref idref="oc-87"/>
      </symbol>
      <symbol id="sm-1b4">
         <name>__TI_int09</name>
         <value>0xfff2</value>
         <object_component_ref idref="oc-3d"/>
      </symbol>
      <symbol id="sm-1b5">
         <name>__TI_int05</name>
         <value>0xffea</value>
         <object_component_ref idref="oc-3b"/>
      </symbol>
      <symbol id="sm-1b6">
         <name>timerUpdate</name>
         <value>0xe246</value>
         <object_component_ref idref="oc-a7"/>
      </symbol>
      <symbol id="sm-1b7">
         <name>__TI_zero_init</name>
         <value>0xe4fe</value>
         <object_component_ref idref="oc-41"/>
      </symbol>
      <symbol id="sm-1b8">
         <name>main</name>
         <value>0xe000</value>
         <object_component_ref idref="oc-ce"/>
      </symbol>
      <symbol id="sm-1b9">
         <name>accEvent</name>
         <value>0xe494</value>
         <object_component_ref idref="oc-a1"/>
      </symbol>
      <symbol id="sm-1ba">
         <name>wait</name>
         <value>0xe4be</value>
         <object_component_ref idref="oc-11b"/>
      </symbol>
      <symbol id="sm-1bb">
         <name>ledCycle</name>
         <value>0xe31e</value>
         <object_component_ref idref="oc-124"/>
      </symbol>
      <symbol id="sm-1bc">
         <name>low_power</name>
         <value>0x224</value>
         <object_component_ref idref="oc-101"/>
      </symbol>
      <symbol id="sm-1bd">
         <name>__TI_decompress_none</name>
         <value>0xe512</value>
         <object_component_ref idref="oc-2c"/>
      </symbol>
      <symbol id="sm-1be">
         <name>_system_pre_init</name>
         <value>0xe550</value>
         <object_component_ref idref="oc-ae"/>
      </symbol>
      <symbol id="sm-1c0">
         <name>__TI_INITARRAY_Base</name>
         <value>0x0</value>
      </symbol>
      <symbol id="sm-1c1">
         <name>__TI_INITARRAY_Limit</name>
         <value>0x0</value>
      </symbol>
   </symbol_table>
   <title>Link successful</title>
</link_info>
