******************************************************************************
                  MSP430 Linker PC v4.4.3                      
******************************************************************************
>> Linked Fri Apr 24 22:25:44 2015

OUTPUT FILE NAME:   <dice.out>
ENTRY POINT SYMBOL: "_c_int00_noargs_noexit"  address: 0000e4ea


MEMORY CONFIGURATION

         name            origin    length      used     unused   attr    fill
----------------------  --------  ---------  --------  --------  ----  --------
  SFR                   00000000   00000010  00000000  00000010  RWIX
  PERIPHERALS_8BIT      00000010   000000f0  00000000  000000f0  RWIX
  PERIPHERALS_16BIT     00000100   00000100  00000000  00000100  RWIX
  RAM                   00000200   00000100  00000076  0000008a  RWIX
  INFOD                 00001000   00000040  00000000  00000040  RWIX
  INFOC                 00001040   00000040  00000000  00000040  RWIX
  INFOB                 00001080   00000040  00000000  00000040  RWIX
  INFOA                 000010c0   00000040  00000000  00000040  RWIX
  FLASH                 0000e000   00001fe0  000005a0  00001a40  RWIX
  INT00                 0000ffe0   00000002  00000000  00000002  RWIX
  INT01                 0000ffe2   00000002  00000000  00000002  RWIX
  INT02                 0000ffe4   00000002  00000002  00000000  RWIX
  INT03                 0000ffe6   00000002  00000002  00000000  RWIX
  INT04                 0000ffe8   00000002  00000002  00000000  RWIX
  INT05                 0000ffea   00000002  00000002  00000000  RWIX
  INT06                 0000ffec   00000002  00000000  00000002  RWIX
  INT07                 0000ffee   00000002  00000000  00000002  RWIX
  INT08                 0000fff0   00000002  00000002  00000000  RWIX
  INT09                 0000fff2   00000002  00000002  00000000  RWIX
  INT10                 0000fff4   00000002  00000002  00000000  RWIX
  INT11                 0000fff6   00000002  00000002  00000000  RWIX
  INT12                 0000fff8   00000002  00000000  00000002  RWIX
  INT13                 0000fffa   00000002  00000000  00000002  RWIX
  INT14                 0000fffc   00000002  00000002  00000000  RWIX
  RESET                 0000fffe   00000002  00000002  00000000  RWIX


SECTION ALLOCATION MAP

 output                                  attributes/
section   page    origin      length       input sections
--------  ----  ----------  ----------   ----------------
.bss       0    00000200    00000024     UNINITIALIZED
                  00000200    0000000a     (.common:timer)
                  0000020a    00000006     (.common:accBuffer)
                  00000210    00000006     (.common:faceChangeTime$4)
                  00000216    00000006     (.common:led)
                  0000021c    00000004     (.common:acc)
                  00000220    00000001     (.common:curr$2)
                  00000221    00000001     (.common:faceLast$5)
                  00000222    00000001     (.common:new$3)
                  00000223    00000001     (.common:num$1)

.data      0    00000224    00000002     UNINITIALIZED
                  00000224    00000002     main.obj (.data)

.stack     0    000002b0    00000050     UNINITIALIZED
                  000002b0    00000002     rts430_eabi.lib : boot.obj (.stack)
                  000002b2    0000004e     --HOLE--

.text      0    0000e000    00000588     
                  0000e000    00000156     main.obj (.text:main)
                  0000e156    000000d8     main.obj (.text:timerUpdate)
                  0000e22e    00000074     main.obj (.text:getTopFace)
                  0000e2a2    0000006e     main.obj (.text:ledCycle)
                  0000e310    00000064     rts430_eabi.lib : copy_decompress_rle.obj (.text:__TI_decompress_rle_core)
                  0000e374    00000062     main.obj (.text:ledBlink)
                  0000e3d6    00000058     rts430_eabi.lib : autoinit.obj (.text:_auto_init)
                  0000e42e    0000004c                     : lsr16.obj (.text)
                  0000e47a    0000002a     main.obj (.text:accEvent)
                  0000e4a4    00000026     main.obj (.text:wait)
                  0000e4ca    00000020     main.obj (.text:accInit)
                  0000e4ea    0000001a     rts430_eabi.lib : boot_special.obj (.text:_c_int00_noargs_noexit)
                  0000e504    00000014                     : copy_zero_init.obj (.text:decompress:ZI:__TI_zero_init)
                  0000e518    00000014     main.obj (.text:ledInit)
                  0000e52c    00000014     main.obj (.text:ledOff)
                  0000e540    00000012     rts430_eabi.lib : copy_decompress_none.obj (.text:decompress:none:__TI_decompress_none)
                  0000e552    00000012                     : memcpy.obj (.text:memcpy)
                  0000e564    00000010                     : epilog.obj (.text)
                  0000e574    00000006                     : isr_trap.obj (.text:_isr:__TI_ISR_TRAP)
                  0000e57a    00000006                     : copy_decompress_rle.obj (.text:decompress:rle24:__TI_decompress_rle24)
                  0000e580    00000004                     : pre_init.obj (.text:_system_pre_init)
                  0000e584    00000004                     : exit.obj (.text:abort)

.cinit     0    0000e588    00000018     
                  0000e588    00000006     (.cinit..data.load) [load image]
                  0000e58e    00000006     (__TI_handler_table)
                  0000e594    00000004     (.cinit..bss.load) [load image, compression = zero_init]
                  0000e598    00000008     (__TI_cinit_table)

.init_array 
*          0    0000e000    00000000     UNINITIALIZED

.TI.noinit 
*          0    00000200    00000000     UNINITIALIZED

.TI.persistent 
*          0    00000224    00000000     UNINITIALIZED

PORT1      0    0000ffe4    00000002     
                  0000ffe4    00000002     rts430_eabi.lib : int02.obj (.int02)

PORT2      0    0000ffe6    00000002     
                  0000ffe6    00000002     rts430_eabi.lib : int03.obj (.int03)

USI        0    0000ffe8    00000002     
                  0000ffe8    00000002     rts430_eabi.lib : int04.obj (.int04)

ADC10      0    0000ffea    00000002     
                  0000ffea    00000002     main.obj (.int05)

TIMER0_A1 
*          0    0000fff0    00000002     
                  0000fff0    00000002     rts430_eabi.lib : int08.obj (.int08)

TIMER0_A0 
*          0    0000fff2    00000002     
                  0000fff2    00000002     main.obj (.int09)

WDT        0    0000fff4    00000002     
                  0000fff4    00000002     rts430_eabi.lib : int10.obj (.int10)

COMPARATORA 
*          0    0000fff6    00000002     
                  0000fff6    00000002     rts430_eabi.lib : int11.obj (.int11)

NMI        0    0000fffc    00000002     
                  0000fffc    00000002     rts430_eabi.lib : int14.obj (.int14)

.reset     0    0000fffe    00000002     
                  0000fffe    00000002     rts430_eabi.lib : boot.obj (.reset)


LINKER GENERATED COPY TABLES

__TI_cinit_table @ 0000e598 records: 2, size/record: 4, table size: 8
	.data: load addr=0000e588, load size=00000006 bytes, run addr=00000224, run size=00000002 bytes, compression=copy
	.bss: load addr=0000e594, load size=00000004 bytes, run addr=00000200, run size=00000024 bytes, compression=zero_init


LINKER GENERATED HANDLER TABLE

__TI_handler_table @ 0000e58e records: 3, size/record: 2, table size: 6
	index: 0, handler: __TI_zero_init
	index: 1, handler: __TI_decompress_rle24
	index: 2, handler: __TI_decompress_none


GLOBAL SYMBOLS: SORTED ALPHABETICALLY BY Name 

address   name                    
-------   ----                    
0000004a  ADC10AE0                
000001b0  ADC10CTL0               
000001b2  ADC10CTL1               
00000048  ADC10DTC0               
00000049  ADC10DTC1               
000001b4  ADC10MEM                
000001bc  ADC10SA                 
00000057  BCSCTL1                 
00000058  BCSCTL2                 
00000053  BCSCTL3                 
0000e584  C$$EXIT                 
00000059  CACTL1                  
0000005a  CACTL2                  
000010fb  CALBC1_12MHZ            
000010f9  CALBC1_16MHZ            
000010ff  CALBC1_1MHZ             
000010fd  CALBC1_8MHZ             
000010fa  CALDCO_12MHZ            
000010f8  CALDCO_16MHZ            
000010fe  CALDCO_1MHZ             
000010fc  CALDCO_8MHZ             
0000005b  CAPD                    
00000056  DCOCTL                  
00000128  FCTL1                   
0000012a  FCTL2                   
0000012c  FCTL3                   
00000000  IE1                     
00000002  IFG1                    
00000022  P1DIR                   
00000025  P1IE                    
00000024  P1IES                   
00000023  P1IFG                   
00000020  P1IN                    
00000021  P1OUT                   
00000027  P1REN                   
00000026  P1SEL                   
00000041  P1SEL2                  
0000002a  P2DIR                   
0000002d  P2IE                    
0000002c  P2IES                   
0000002b  P2IFG                   
00000028  P2IN                    
00000029  P2OUT                   
0000002f  P2REN                   
0000002e  P2SEL                   
00000042  P2SEL2                  
00000172  TA0CCR0                 
00000174  TA0CCR1                 
00000176  TA0CCR2                 
00000162  TA0CCTL0                
00000164  TA0CCTL1                
00000166  TA0CCTL2                
00000160  TA0CTL                  
0000012e  TA0IV                   
00000170  TA0R                    
0000007a  USICCTL                 
0000007a  USICKCTL                
0000007b  USICNT                  
00000078  USICTL                  
00000078  USICTL0                 
00000079  USICTL1                 
0000007c  USISR                   
0000007d  USISRH                  
0000007c  USISRL                  
00000120  WDTCTL                  
00000300  __STACK_END             
00000050  __STACK_SIZE            
0000e598  __TI_CINIT_Base         
0000e5a0  __TI_CINIT_Limit        
0000e58e  __TI_Handler_Table_Base 
0000e594  __TI_Handler_Table_Limit
UNDEFED   __TI_INITARRAY_Base     
UNDEFED   __TI_INITARRAY_Limit    
0000e574  __TI_ISR_TRAP           
0000e540  __TI_decompress_none    
0000e57a  __TI_decompress_rle24   
0000ffe4  __TI_int02              
0000ffe6  __TI_int03              
0000ffe8  __TI_int04              
0000ffea  __TI_int05              
0000fff0  __TI_int08              
0000fff2  __TI_int09              
0000fff4  __TI_int10              
0000fff6  __TI_int11              
0000fffc  __TI_int14              
0000e504  __TI_zero_init          
ffffffff  __binit__               
ffffffff  __c_args__              
0000e570  __mspabi_func_epilog_1  
0000e56e  __mspabi_func_epilog_2  
0000e56c  __mspabi_func_epilog_3  
0000e56a  __mspabi_func_epilog_4  
0000e568  __mspabi_func_epilog_5  
0000e566  __mspabi_func_epilog_6  
0000e564  __mspabi_func_epilog_7  
0000e42e  __mspabi_srli           
0000e474  __mspabi_srli_1         
0000e450  __mspabi_srli_10        
0000e44c  __mspabi_srli_11        
0000e448  __mspabi_srli_12        
0000e444  __mspabi_srli_13        
0000e440  __mspabi_srli_14        
0000e43c  __mspabi_srli_15        
0000e470  __mspabi_srli_2         
0000e46c  __mspabi_srli_3         
0000e468  __mspabi_srli_4         
0000e464  __mspabi_srli_5         
0000e460  __mspabi_srli_6         
0000e45c  __mspabi_srli_7         
0000e458  __mspabi_srli_8         
0000e454  __mspabi_srli_9         
0000e3d6  _auto_init              
0000e4ea  _c_int00_noargs_noexit  
0000fffe  _reset_vector           
000002b0  _stack                  
0000e580  _system_pre_init        
0000e584  abort                   
0000021c  acc                     
0000020a  accBuffer               
0000e47a  accEvent                
0000e4ca  accInit                 
ffffffff  binit                   
0000e22e  getTopFace              
00000216  led                     
0000e374  ledBlink                
0000e2a2  ledCycle                
0000e518  ledInit                 
0000e52c  ledOff                  
00000224  low_power               
0000e000  main                    
0000e552  memcpy                  
00000200  timer                   
0000e156  timerUpdate             
0000e4a4  wait                    


GLOBAL SYMBOLS: SORTED BY Symbol Address 

address   name                    
-------   ----                    
00000000  IE1                     
00000002  IFG1                    
00000020  P1IN                    
00000021  P1OUT                   
00000022  P1DIR                   
00000023  P1IFG                   
00000024  P1IES                   
00000025  P1IE                    
00000026  P1SEL                   
00000027  P1REN                   
00000028  P2IN                    
00000029  P2OUT                   
0000002a  P2DIR                   
0000002b  P2IFG                   
0000002c  P2IES                   
0000002d  P2IE                    
0000002e  P2SEL                   
0000002f  P2REN                   
00000041  P1SEL2                  
00000042  P2SEL2                  
00000048  ADC10DTC0               
00000049  ADC10DTC1               
0000004a  ADC10AE0                
00000050  __STACK_SIZE            
00000053  BCSCTL3                 
00000056  DCOCTL                  
00000057  BCSCTL1                 
00000058  BCSCTL2                 
00000059  CACTL1                  
0000005a  CACTL2                  
0000005b  CAPD                    
00000078  USICTL                  
00000078  USICTL0                 
00000079  USICTL1                 
0000007a  USICCTL                 
0000007a  USICKCTL                
0000007b  USICNT                  
0000007c  USISR                   
0000007c  USISRL                  
0000007d  USISRH                  
00000120  WDTCTL                  
00000128  FCTL1                   
0000012a  FCTL2                   
0000012c  FCTL3                   
0000012e  TA0IV                   
00000160  TA0CTL                  
00000162  TA0CCTL0                
00000164  TA0CCTL1                
00000166  TA0CCTL2                
00000170  TA0R                    
00000172  TA0CCR0                 
00000174  TA0CCR1                 
00000176  TA0CCR2                 
000001b0  ADC10CTL0               
000001b2  ADC10CTL1               
000001b4  ADC10MEM                
000001bc  ADC10SA                 
00000200  timer                   
0000020a  accBuffer               
00000216  led                     
0000021c  acc                     
00000224  low_power               
000002b0  _stack                  
00000300  __STACK_END             
000010f8  CALDCO_16MHZ            
000010f9  CALBC1_16MHZ            
000010fa  CALDCO_12MHZ            
000010fb  CALBC1_12MHZ            
000010fc  CALDCO_8MHZ             
000010fd  CALBC1_8MHZ             
000010fe  CALDCO_1MHZ             
000010ff  CALBC1_1MHZ             
0000e000  main                    
0000e156  timerUpdate             
0000e22e  getTopFace              
0000e2a2  ledCycle                
0000e374  ledBlink                
0000e3d6  _auto_init              
0000e42e  __mspabi_srli           
0000e43c  __mspabi_srli_15        
0000e440  __mspabi_srli_14        
0000e444  __mspabi_srli_13        
0000e448  __mspabi_srli_12        
0000e44c  __mspabi_srli_11        
0000e450  __mspabi_srli_10        
0000e454  __mspabi_srli_9         
0000e458  __mspabi_srli_8         
0000e45c  __mspabi_srli_7         
0000e460  __mspabi_srli_6         
0000e464  __mspabi_srli_5         
0000e468  __mspabi_srli_4         
0000e46c  __mspabi_srli_3         
0000e470  __mspabi_srli_2         
0000e474  __mspabi_srli_1         
0000e47a  accEvent                
0000e4a4  wait                    
0000e4ca  accInit                 
0000e4ea  _c_int00_noargs_noexit  
0000e504  __TI_zero_init          
0000e518  ledInit                 
0000e52c  ledOff                  
0000e540  __TI_decompress_none    
0000e552  memcpy                  
0000e564  __mspabi_func_epilog_7  
0000e566  __mspabi_func_epilog_6  
0000e568  __mspabi_func_epilog_5  
0000e56a  __mspabi_func_epilog_4  
0000e56c  __mspabi_func_epilog_3  
0000e56e  __mspabi_func_epilog_2  
0000e570  __mspabi_func_epilog_1  
0000e574  __TI_ISR_TRAP           
0000e57a  __TI_decompress_rle24   
0000e580  _system_pre_init        
0000e584  C$$EXIT                 
0000e584  abort                   
0000e58e  __TI_Handler_Table_Base 
0000e594  __TI_Handler_Table_Limit
0000e598  __TI_CINIT_Base         
0000e5a0  __TI_CINIT_Limit        
0000ffe4  __TI_int02              
0000ffe6  __TI_int03              
0000ffe8  __TI_int04              
0000ffea  __TI_int05              
0000fff0  __TI_int08              
0000fff2  __TI_int09              
0000fff4  __TI_int10              
0000fff6  __TI_int11              
0000fffc  __TI_int14              
0000fffe  _reset_vector           
ffffffff  __binit__               
ffffffff  __c_args__              
ffffffff  binit                   
UNDEFED   __TI_INITARRAY_Base     
UNDEFED   __TI_INITARRAY_Limit    

[134 symbols]
